../Core/Src/main.c:62:6:clear7SEG	1
../Core/Src/main.c:72:6:display7SEG	11
../Core/Src/main.c:174:6:update7SEG	5
../Core/Src/main.c:218:6:updateClockBuffer	1
../Core/Src/main.c:238:6:turnOffAllMatrixColumn	1
../Core/Src/main.c:249:6:setMatrixRowData	1
../Core/Src/main.c:259:6:updateLEDMatrix	9
../Core/Src/main.c:291:6:shiftLeftMatrix	2
../Core/Src/main.c:305:5:main	10
../Core/Src/main.c:403:6:SystemClock_Config	3
../Core/Src/main.c:440:13:MX_TIM2_Init	4
../Core/Src/main.c:485:13:MX_GPIO_Init	1
../Core/Src/main.c:542:6:HAL_TIM_PeriodElapsedCallback	1
../Core/Src/main.c:564:6:Error_Handler	1
