../Core/Src/main.c:60:6:clear7SEG	1
../Core/Src/main.c:70:6:display7SEG	11
../Core/Src/main.c:172:6:update7SEG	5
../Core/Src/main.c:216:6:updateClockBuffer	1
../Core/Src/main.c:229:6:turnOffAllMatrixColumn	1
../Core/Src/main.c:240:6:setMatrixRowData	1
../Core/Src/main.c:250:6:updateLEDMatrix	9
../Core/Src/main.c:288:5:main	9
../Core/Src/main.c:374:6:SystemClock_Config	3
../Core/Src/main.c:411:13:MX_TIM2_Init	4
../Core/Src/main.c:456:13:MX_GPIO_Init	1
../Core/Src/main.c:513:6:HAL_TIM_PeriodElapsedCallback	1
../Core/Src/main.c:535:6:Error_Handler	1
