../Core/Src/main.c:59:6:clear7SEG	8	static
../Core/Src/main.c:69:6:display7SEG	16	static
../Core/Src/main.c:170:6:update7SEG	16	static
../Core/Src/main.c:214:6:updateClockBuffer	16	static
../Core/Src/main.c:226:5:main	24	static
../Core/Src/main.c:297:6:SystemClock_Config	72	static
../Core/Src/main.c:334:13:MX_TIM2_Init	32	static
../Core/Src/main.c:379:13:MX_GPIO_Init	32	static
../Core/Src/main.c:424:6:HAL_TIM_PeriodElapsedCallback	16	static
../Core/Src/main.c:444:6:Error_Handler	4	static,ignoring_inline_asm
