2025-09-28 11:10:13,535 [INFO] Activator:176 - 


2025-09-28 11:10:13,537 [INFO] Activator:177 - !SESSION log4j initialized
2025-09-28 11:10:18,871 [INFO] LogOutputStream:77 - [STDOUT_REDIRECT] 
2025-09-28 11:10:26,651 [INFO] ApplicationProperties:184 - Using Application install path: C:\ST\STM32CubeIDE_1.18.0\STM32CubeIDE\plugins\com.st.stm32cube.common.mx_6.15.0.202507011659
2025-09-28 11:10:26,669 [INFO] DbMcusXml:78 - Set database path to: C:\ST\STM32CubeIDE_1.18.0\STM32CubeIDE\plugins\com.st.stm32cube.common.mx_6.15.0.202507011659\\db\/mcu/
2025-09-28 11:10:26,670 [INFO] ApiDb:274 - Set plugin database path to: C:\ST\STM32CubeIDE_1.18.0\STM32CubeIDE\plugins\com.st.stm32cube.common.mx_6.15.0.202507011659\\db\/plugins/boardmanager/
2025-09-28 11:10:26,670 [WARN] ApiDb:259 - Overriding images path with different value:  => C:\ST\STM32CubeIDE_1.18.0\STM32CubeIDE\plugins\com.st.stm32cube.common.mx_6.15.0.202507011659\\db\/plugins/mcufinder/images/
2025-09-28 11:10:26,679 [INFO] ApiDb:250 - Set database path to: C:\Users\khanh\.stmcufinder\plugins\mcufinder//mcu/
2025-09-28 11:10:26,680 [INFO] DbMcusAds:125 - Set database path to: C:\Users\khanh\.stmcufinder\plugins\mcufinder//mcu/
2025-09-28 11:10:26,682 [INFO] CrossReferenceDbSqlite:203 - Set database path to: C:\Users\khanh\.stmcufinder\plugins\mcufinder//mcu/cs/
2025-09-28 11:10:26,801 [INFO] RulesReader:64 - Compatibility file has been processed (317 Rules)
2025-09-28 11:10:26,898 [INFO] DbMcusXml:78 - Set database path to: C:\ST\STM32CubeIDE_1.18.0\STM32CubeIDE\plugins\com.st.stm32cube.common.mx_6.15.0.202507011659\\db\/mcu/
2025-09-28 11:10:26,898 [INFO] ApiDb:274 - Set plugin database path to: C:\ST\STM32CubeIDE_1.18.0\STM32CubeIDE\plugins\com.st.stm32cube.common.mx_6.15.0.202507011659\\db\/plugins/boardmanager/
2025-09-28 11:10:26,899 [INFO] ApiDb:261 - Set plugin images path to: C:\ST\STM32CubeIDE_1.18.0\STM32CubeIDE\plugins\com.st.stm32cube.common.mx_6.15.0.202507011659\\db\/plugins/mcufinder/images/
2025-09-28 11:10:26,899 [WARN] DbFile:41 - Overriding database path with different value: C:\Users\khanh\.stmcufinder\plugins\mcufinder/ => C:\Users\khanh\.stmcufinder\plugins\mcufinder
2025-09-28 11:10:26,899 [INFO] ApiDb:250 - Set database path to: C:\Users\khanh\.stmcufinder\plugins\mcufinder//mcu/
2025-09-28 11:10:26,899 [WARN] DbFile:41 - Overriding database path with different value: C:\Users\khanh\.stmcufinder\plugins\mcufinder/ => C:\Users\khanh\.stmcufinder\plugins\mcufinder
2025-09-28 11:10:26,899 [INFO] DbMcusAds:125 - Set database path to: C:\Users\khanh\.stmcufinder\plugins\mcufinder//mcu/
2025-09-28 11:10:26,899 [WARN] DbFile:41 - Overriding database path with different value: C:\Users\khanh\.stmcufinder\plugins\mcufinder/ => C:\Users\khanh\.stmcufinder\plugins\mcufinder
2025-09-28 11:10:26,899 [WARN] DbFile:41 - Overriding database path with different value: C:\Users\khanh\.stmcufinder\plugins\mcufinder/ => C:\Users\khanh\.stmcufinder\plugins\mcufinder
2025-09-28 11:10:26,899 [INFO] CrossReferenceDbSqlite:203 - Set database path to: C:\Users\khanh\.stmcufinder\plugins\mcufinder//mcu/cs/
2025-09-28 11:10:27,034 [INFO] MainPanel:274 - HeapMemory: 268435456
2025-09-28 11:10:27,195 [INFO] DbMcusXml:78 - Set database path to: C:\ST\STM32CubeIDE_1.18.0\STM32CubeIDE\plugins\com.st.stm32cube.common.mx_6.15.0.202507011659\\db\/mcu/
2025-09-28 11:10:27,195 [INFO] ApiDb:274 - Set plugin database path to: C:\ST\STM32CubeIDE_1.18.0\STM32CubeIDE\plugins\com.st.stm32cube.common.mx_6.15.0.202507011659\\db\/plugins/boardmanager/
2025-09-28 11:10:27,196 [INFO] ApiDb:261 - Set plugin images path to: C:\ST\STM32CubeIDE_1.18.0\STM32CubeIDE\plugins\com.st.stm32cube.common.mx_6.15.0.202507011659\\db\/plugins/mcufinder/images/
2025-09-28 11:10:27,196 [WARN] DbFile:41 - Overriding database path with different value: C:\Users\khanh\.stmcufinder\plugins\mcufinder/ => C:\Users\khanh\.stmcufinder\plugins\mcufinder
2025-09-28 11:10:27,196 [INFO] ApiDb:250 - Set database path to: C:\Users\khanh\.stmcufinder\plugins\mcufinder//mcu/
2025-09-28 11:10:27,196 [WARN] DbFile:41 - Overriding database path with different value: C:\Users\khanh\.stmcufinder\plugins\mcufinder/ => C:\Users\khanh\.stmcufinder\plugins\mcufinder
2025-09-28 11:10:27,196 [INFO] DbMcusAds:125 - Set database path to: C:\Users\khanh\.stmcufinder\plugins\mcufinder//mcu/
2025-09-28 11:10:27,197 [WARN] DbFile:41 - Overriding database path with different value: C:\Users\khanh\.stmcufinder\plugins\mcufinder/ => C:\Users\khanh\.stmcufinder\plugins\mcufinder
2025-09-28 11:10:27,197 [WARN] DbFile:41 - Overriding database path with different value: C:\Users\khanh\.stmcufinder\plugins\mcufinder/ => C:\Users\khanh\.stmcufinder\plugins\mcufinder
2025-09-28 11:10:27,197 [INFO] CrossReferenceDbSqlite:203 - Set database path to: C:\Users\khanh\.stmcufinder\plugins\mcufinder//mcu/cs/
2025-09-28 11:10:27,227 [INFO] ApplicationProperties:184 - Using Application install path: C:\ST\STM32CubeIDE_1.18.0\STM32CubeIDE\plugins\com.st.stm32cube.common.mx_6.15.0.202507011659
2025-09-28 11:10:27,230 [INFO] PluginManage:196 - Search for loadable plugins [exclusion list=, ]
2025-09-28 11:10:27,234 [INFO] PluginManage:310 - Check plugin analytics
2025-09-28 11:10:27,477 [INFO] AnalyticsPlugin:253 - Accepted Software Licenses: STM32CubeMX.6.14.0
2025-09-28 11:10:27,478 [INFO] AnalyticsPlugin:255 - Accepted CMSIS Pack Licenses: 
2025-09-28 11:10:27,478 [INFO] AnalyticsPlugin:257 - Accepted Firmware Licenses: 
2025-09-28 11:10:27,482 [INFO] PluginManage:359 - Loaded plugin analytics (category:tool,tabindex:-1)
2025-09-28 11:10:27,482 [INFO] PluginManage:310 - Check plugin cadmodel
2025-09-28 11:10:27,488 [INFO] CADModel:105 - Init CAD model plugin
2025-09-28 11:10:27,488 [INFO] PluginManage:359 - Loaded plugin cadmodel (category:power,tabindex:5)
2025-09-28 11:10:27,488 [INFO] PluginManage:310 - Check plugin clock
2025-09-28 11:10:27,499 [INFO] PluginManage:359 - Loaded plugin clock (category:base,tabindex:2)
2025-09-28 11:10:27,499 [INFO] PluginManage:310 - Check plugin ddr
2025-09-28 11:10:27,501 [INFO] PluginManage:359 - Loaded plugin ddr (category:tool,tabindex:6)
2025-09-28 11:10:27,501 [INFO] PluginManage:310 - Check plugin filemanager
2025-09-28 11:10:27,689 [INFO] PluginManage:359 - Loaded plugin filemanager (category:base,tabindex:10)
2025-09-28 11:10:27,689 [INFO] PluginManage:310 - Check plugin ipmanager
2025-09-28 11:10:27,696 [INFO] PluginManage:359 - Loaded plugin ipmanager (category:base,tabindex:5)
2025-09-28 11:10:27,696 [INFO] PluginManage:310 - Check plugin lpbam
2025-09-28 11:10:27,709 [INFO] PluginManage:359 - Loaded plugin lpbam (category:base,tabindex:0)
2025-09-28 11:10:27,709 [INFO] PluginManage:310 - Check plugin memorymap
2025-09-28 11:10:27,732 [INFO] PluginManage:359 - Loaded plugin memorymap (category:base,tabindex:4)
2025-09-28 11:10:27,732 [INFO] PluginManage:310 - Check plugin pinoutandconfiguration
2025-09-28 11:10:27,740 [INFO] PluginManage:359 - Loaded plugin pinoutandconfiguration (category:base,tabindex:1)
2025-09-28 11:10:27,740 [INFO] PluginManage:310 - Check plugin pinoutconfig
2025-09-28 11:10:27,866 [WARN] SupportedApi:132 - Cannot load RTOS API schema: s4s-elt-must-match.1: The content of 'definitions' must match (annotation?, (simpleType | complexType)?, (unique | key | keyref)*)). A problem was found starting at: attribute.
2025-09-28 11:10:28,045 [INFO] PluginManage:359 - Loaded plugin pinoutconfig (category:base,tabindex:0)
2025-09-28 11:10:28,045 [INFO] PluginManage:310 - Check plugin power
2025-09-28 11:10:28,060 [INFO] PluginManage:359 - Loaded plugin power (category:power,tabindex:4)
2025-09-28 11:10:28,060 [INFO] PluginManage:310 - Check plugin projectmanager
2025-09-28 11:10:28,087 [INFO] PluginManage:359 - Loaded plugin projectmanager (category:projectmanager,tabindex:4)
2025-09-28 11:10:28,087 [INFO] PluginManage:310 - Check plugin rif
2025-09-28 11:10:28,101 [INFO] PluginManage:359 - Loaded plugin rif (category:base,tabindex:3)
2025-09-28 11:10:28,101 [INFO] PluginManage:310 - Check plugin thirdparty
2025-09-28 11:10:28,341 [INFO] PluginManage:359 - Loaded plugin thirdparty (category:base,tabindex:-1)
2025-09-28 11:10:28,341 [WARN] IntegrityCheckThread:84 - waiting for thirdparty lock release [integrity check]
2025-09-28 11:10:28,343 [INFO] IntegrityCheckThread:86 - entering critical section [integrity check]
2025-09-28 11:10:28,343 [INFO] PluginManage:310 - Check plugin tools
2025-09-28 11:10:28,344 [INFO] ThirdPartyUpdaterWithRetryManager:70 - Updater plugin not ready yet. [1/15]
2025-09-28 11:10:28,349 [INFO] PluginManage:359 - Loaded plugin tools (category:base,tabindex:7)
2025-09-28 11:10:28,350 [INFO] PluginManage:310 - Check plugin tutovideos
2025-09-28 11:10:28,738 [INFO] PluginManage:359 - Loaded plugin tutovideos (category:base,tabindex:-1)
2025-09-28 11:10:28,738 [INFO] PluginManage:310 - Check plugin updater
2025-09-28 11:10:28,773 [INFO] PluginManage:359 - Loaded plugin updater (category:base,tabindex:12)
2025-09-28 11:10:28,774 [INFO] PluginManage:310 - Check plugin userauth
2025-09-28 11:10:28,784 [INFO] UserAuth:118 - Init User Auth plugin
2025-09-28 11:10:28,787 [INFO] PluginManage:359 - Loaded plugin userauth (category:base,tabindex:14)
2025-09-28 11:10:28,788 [INFO] PluginManage:283 - PluginManage : Loaded plugins [18]
2025-09-28 11:10:29,314 [INFO] PinOutPanel:1589 - setPackage(No Configuration,No Configuration)
2025-09-28 11:10:29,522 [INFO] CADModel:165 - CPN selected for project level
2025-09-28 11:10:29,522 [INFO] CADModel:114 - Register for checkConnection events
2025-09-28 11:10:29,563 [INFO] IPUIPlugin:80 - create IPUIPlugin
2025-09-28 11:10:29,564 [INFO] PluginManager:220 - loadIPPluginJar : add adc
2025-09-28 11:10:29,569 [INFO] IPUIPlugin:80 - create IPUIPlugin
2025-09-28 11:10:29,569 [INFO] PluginManager:220 - loadIPPluginJar : add aes
2025-09-28 11:10:29,578 [INFO] IPUIPlugin:80 - create IPUIPlugin
2025-09-28 11:10:29,578 [INFO] PluginManager:220 - loadIPPluginJar : add can
2025-09-28 11:10:29,581 [INFO] IPUIPlugin:80 - create IPUIPlugin
2025-09-28 11:10:29,581 [INFO] PluginManager:220 - loadIPPluginJar : add comp
2025-09-28 11:10:29,586 [INFO] IPUIPlugin:80 - create IPUIPlugin
2025-09-28 11:10:29,586 [INFO] PluginManager:220 - loadIPPluginJar : add cryp
2025-09-28 11:10:29,592 [INFO] IPUIPlugin:80 - create IPUIPlugin
2025-09-28 11:10:29,592 [INFO] PluginManager:220 - loadIPPluginJar : add ddr_ctrl_phy
2025-09-28 11:10:29,596 [INFO] IPUIPlugin:80 - create IPUIPlugin
2025-09-28 11:10:29,596 [INFO] PluginManager:220 - loadIPPluginJar : add dfsdm
2025-09-28 11:10:29,603 [INFO] IPUIPlugin:80 - create IPUIPlugin
2025-09-28 11:10:29,605 [INFO] PluginManager:220 - loadIPPluginJar : add dma
2025-09-28 11:10:29,608 [INFO] IPUIPlugin:80 - create IPUIPlugin
2025-09-28 11:10:29,608 [INFO] PluginManager:220 - loadIPPluginJar : add dma3
2025-09-28 11:10:29,614 [INFO] IPUIPlugin:80 - create IPUIPlugin
2025-09-28 11:10:29,614 [INFO] PluginManager:220 - loadIPPluginJar : add extmemmanager
2025-09-28 11:10:29,617 [INFO] IPUIPlugin:80 - create IPUIPlugin
2025-09-28 11:10:29,617 [INFO] PluginManager:220 - loadIPPluginJar : add fatfs
2025-09-28 11:10:29,625 [INFO] IPUIPlugin:80 - create IPUIPlugin
2025-09-28 11:10:29,625 [INFO] PluginManager:220 - loadIPPluginJar : add fmc
2025-09-28 11:10:29,632 [INFO] IPUIPlugin:80 - create IPUIPlugin
2025-09-28 11:10:29,633 [INFO] PluginManager:220 - loadIPPluginJar : add freertos
2025-09-28 11:10:29,635 [INFO] IPUIPlugin:80 - create IPUIPlugin
2025-09-28 11:10:29,635 [INFO] PluginManager:220 - loadIPPluginJar : add genericplugin
2025-09-28 11:10:29,640 [INFO] IPUIPlugin:80 - create IPUIPlugin
2025-09-28 11:10:29,640 [INFO] PluginManager:220 - loadIPPluginJar : add gfxmmu
2025-09-28 11:10:29,647 [INFO] IPUIPlugin:80 - create IPUIPlugin
2025-09-28 11:10:29,647 [INFO] PluginManager:220 - loadIPPluginJar : add gic
2025-09-28 11:10:29,654 [INFO] IPUIPlugin:80 - create IPUIPlugin
2025-09-28 11:10:29,655 [INFO] PluginManager:220 - loadIPPluginJar : add gpio
2025-09-28 11:10:29,660 [INFO] IPUIPlugin:80 - create IPUIPlugin
2025-09-28 11:10:29,660 [INFO] PluginManager:220 - loadIPPluginJar : add gtzc
2025-09-28 11:10:29,663 [INFO] IPUIPlugin:80 - create IPUIPlugin
2025-09-28 11:10:29,663 [INFO] PluginManager:220 - loadIPPluginJar : add hash
2025-09-28 11:10:29,670 [INFO] IPUIPlugin:80 - create IPUIPlugin
2025-09-28 11:10:29,670 [INFO] PluginManager:220 - loadIPPluginJar : add i2c
2025-09-28 11:10:29,675 [INFO] IPUIPlugin:80 - create IPUIPlugin
2025-09-28 11:10:29,675 [INFO] PluginManager:220 - loadIPPluginJar : add i2s
2025-09-28 11:10:29,679 [INFO] IPUIPlugin:80 - create IPUIPlugin
2025-09-28 11:10:29,679 [INFO] PluginManager:220 - loadIPPluginJar : add i3c
2025-09-28 11:10:29,685 [INFO] IPUIPlugin:80 - create IPUIPlugin
2025-09-28 11:10:29,685 [INFO] PluginManager:220 - loadIPPluginJar : add ipddr
2025-09-28 11:10:29,693 [INFO] IPUIPlugin:80 - create IPUIPlugin
2025-09-28 11:10:29,693 [INFO] PluginManager:220 - loadIPPluginJar : add linkedlist
2025-09-28 11:10:29,698 [INFO] IPUIPlugin:80 - create IPUIPlugin
2025-09-28 11:10:29,699 [INFO] PluginManager:220 - loadIPPluginJar : add lorawan
2025-09-28 11:10:29,702 [INFO] IPUIPlugin:80 - create IPUIPlugin
2025-09-28 11:10:29,702 [INFO] PluginManager:220 - loadIPPluginJar : add ltdc
2025-09-28 11:10:29,709 [INFO] IPUIPlugin:80 - create IPUIPlugin
2025-09-28 11:10:29,709 [INFO] PluginManager:220 - loadIPPluginJar : add mdma
2025-09-28 11:10:29,714 [INFO] IPUIPlugin:80 - create IPUIPlugin
2025-09-28 11:10:29,714 [INFO] PluginManager:220 - loadIPPluginJar : add nvic
2025-09-28 11:10:29,718 [INFO] IPUIPlugin:80 - create IPUIPlugin
2025-09-28 11:10:29,718 [INFO] PluginManager:220 - loadIPPluginJar : add opamp
2025-09-28 11:10:29,723 [INFO] IPUIPlugin:80 - create IPUIPlugin
2025-09-28 11:10:29,724 [INFO] PluginManager:220 - loadIPPluginJar : add openamp
2025-09-28 11:10:29,727 [INFO] IPUIPlugin:80 - create IPUIPlugin
2025-09-28 11:10:29,728 [INFO] PluginManager:220 - loadIPPluginJar : add pdm2pcm
2025-09-28 11:10:29,737 [INFO] IPUIPlugin:80 - create IPUIPlugin
2025-09-28 11:10:29,741 [INFO] PluginManager:220 - loadIPPluginJar : add plateformsettings
2025-09-28 11:10:29,745 [INFO] IPUIPlugin:80 - create IPUIPlugin
2025-09-28 11:10:29,745 [INFO] PluginManager:220 - loadIPPluginJar : add quadspi
2025-09-28 11:10:29,748 [INFO] IPUIPlugin:80 - create IPUIPlugin
2025-09-28 11:10:29,750 [INFO] PluginManager:220 - loadIPPluginJar : add radio
2025-09-28 11:10:29,754 [INFO] IPUIPlugin:80 - create IPUIPlugin
2025-09-28 11:10:29,755 [INFO] PluginManager:220 - loadIPPluginJar : add resmgrutility
2025-09-28 11:10:29,760 [INFO] IPUIPlugin:80 - create IPUIPlugin
2025-09-28 11:10:29,761 [INFO] PluginManager:220 - loadIPPluginJar : add sai
2025-09-28 11:10:29,765 [INFO] IPUIPlugin:80 - create IPUIPlugin
2025-09-28 11:10:29,765 [INFO] PluginManager:220 - loadIPPluginJar : add spi
2025-09-28 11:10:29,773 [INFO] IPUIPlugin:80 - create IPUIPlugin
2025-09-28 11:10:29,773 [INFO] PluginManager:220 - loadIPPluginJar : add stm32_wpan
2025-09-28 11:10:29,778 [INFO] IPUIPlugin:80 - create IPUIPlugin
2025-09-28 11:10:29,778 [INFO] PluginManager:220 - loadIPPluginJar : add tim
2025-09-28 11:10:29,782 [INFO] IPUIPlugin:80 - create IPUIPlugin
2025-09-28 11:10:29,782 [INFO] PluginManager:220 - loadIPPluginJar : add touchsensing
2025-09-28 11:10:29,784 [INFO] IPUIPlugin:80 - create IPUIPlugin
2025-09-28 11:10:29,785 [INFO] PluginManager:220 - loadIPPluginJar : add tracer_emb
2025-09-28 11:10:29,787 [INFO] IPUIPlugin:80 - create IPUIPlugin
2025-09-28 11:10:29,787 [INFO] PluginManager:220 - loadIPPluginJar : add ts
2025-09-28 11:10:29,789 [INFO] IPUIPlugin:80 - create IPUIPlugin
2025-09-28 11:10:29,789 [INFO] PluginManager:220 - loadIPPluginJar : add tsc
2025-09-28 11:10:29,794 [INFO] IPUIPlugin:80 - create IPUIPlugin
2025-09-28 11:10:29,794 [INFO] PluginManager:220 - loadIPPluginJar : add ucpd
2025-09-28 11:10:29,798 [INFO] IPUIPlugin:80 - create IPUIPlugin
2025-09-28 11:10:29,798 [INFO] PluginManager:220 - loadIPPluginJar : add usart
2025-09-28 11:10:29,803 [INFO] IPUIPlugin:80 - create IPUIPlugin
2025-09-28 11:10:29,803 [INFO] PluginManager:220 - loadIPPluginJar : add usbx
