2025-09-24 14:42:14,124 [INFO] Activator:176 - 


2025-09-24 14:42:14,130 [INFO] Activator:177 - !SESSION log4j initialized
2025-09-24 14:42:21,173 [INFO] LogOutputStream:77 - [STDOUT_REDIRECT] 
2025-09-24 14:42:24,683 [INFO] ApplicationProperties:184 - Using Application install path: C:\ST\STM32CubeIDE_1.18.0\STM32CubeIDE\plugins\com.st.stm32cube.common.mx_6.15.0.202507011659
2025-09-24 14:42:24,713 [INFO] DbMcusXml:78 - Set database path to: C:\ST\STM32CubeIDE_1.18.0\STM32CubeIDE\plugins\com.st.stm32cube.common.mx_6.15.0.202507011659\\db\/mcu/
2025-09-24 14:42:24,713 [INFO] ApiDb:274 - Set plugin database path to: C:\ST\STM32CubeIDE_1.18.0\STM32CubeIDE\plugins\com.st.stm32cube.common.mx_6.15.0.202507011659\\db\/plugins/boardmanager/
2025-09-24 14:42:24,714 [WARN] ApiDb:259 - Overriding images path with different value:  => C:\ST\STM32CubeIDE_1.18.0\STM32CubeIDE\plugins\com.st.stm32cube.common.mx_6.15.0.202507011659\\db\/plugins/mcufinder/images/
2025-09-24 14:42:24,731 [INFO] ApiDb:250 - Set database path to: C:\Users\khanh\.stmcufinder\plugins\mcufinder//mcu/
2025-09-24 14:42:24,733 [INFO] DbMcusAds:125 - Set database path to: C:\Users\khanh\.stmcufinder\plugins\mcufinder//mcu/
2025-09-24 14:42:24,737 [INFO] CrossReferenceDbSqlite:203 - Set database path to: C:\Users\khanh\.stmcufinder\plugins\mcufinder//mcu/cs/
2025-09-24 14:42:24,900 [INFO] RulesReader:64 - Compatibility file has been processed (317 Rules)
2025-09-24 14:42:25,110 [INFO] DbMcusXml:78 - Set database path to: C:\ST\STM32CubeIDE_1.18.0\STM32CubeIDE\plugins\com.st.stm32cube.common.mx_6.15.0.202507011659\\db\/mcu/
2025-09-24 14:42:25,110 [INFO] ApiDb:274 - Set plugin database path to: C:\ST\STM32CubeIDE_1.18.0\STM32CubeIDE\plugins\com.st.stm32cube.common.mx_6.15.0.202507011659\\db\/plugins/boardmanager/
2025-09-24 14:42:25,110 [INFO] ApiDb:261 - Set plugin images path to: C:\ST\STM32CubeIDE_1.18.0\STM32CubeIDE\plugins\com.st.stm32cube.common.mx_6.15.0.202507011659\\db\/plugins/mcufinder/images/
2025-09-24 14:42:25,111 [WARN] DbFile:41 - Overriding database path with different value: C:\Users\khanh\.stmcufinder\plugins\mcufinder/ => C:\Users\khanh\.stmcufinder\plugins\mcufinder
2025-09-24 14:42:25,111 [INFO] ApiDb:250 - Set database path to: C:\Users\khanh\.stmcufinder\plugins\mcufinder//mcu/
2025-09-24 14:42:25,111 [WARN] DbFile:41 - Overriding database path with different value: C:\Users\khanh\.stmcufinder\plugins\mcufinder/ => C:\Users\khanh\.stmcufinder\plugins\mcufinder
2025-09-24 14:42:25,111 [INFO] DbMcusAds:125 - Set database path to: C:\Users\khanh\.stmcufinder\plugins\mcufinder//mcu/
2025-09-24 14:42:25,111 [WARN] DbFile:41 - Overriding database path with different value: C:\Users\khanh\.stmcufinder\plugins\mcufinder/ => C:\Users\khanh\.stmcufinder\plugins\mcufinder
2025-09-24 14:42:25,111 [WARN] DbFile:41 - Overriding database path with different value: C:\Users\khanh\.stmcufinder\plugins\mcufinder/ => C:\Users\khanh\.stmcufinder\plugins\mcufinder
2025-09-24 14:42:25,111 [INFO] CrossReferenceDbSqlite:203 - Set database path to: C:\Users\khanh\.stmcufinder\plugins\mcufinder//mcu/cs/
2025-09-24 14:42:25,246 [INFO] MainPanel:274 - HeapMemory: 268435456
2025-09-24 14:42:25,440 [INFO] DbMcusXml:78 - Set database path to: C:\ST\STM32CubeIDE_1.18.0\STM32CubeIDE\plugins\com.st.stm32cube.common.mx_6.15.0.202507011659\\db\/mcu/
2025-09-24 14:42:25,440 [INFO] ApiDb:274 - Set plugin database path to: C:\ST\STM32CubeIDE_1.18.0\STM32CubeIDE\plugins\com.st.stm32cube.common.mx_6.15.0.202507011659\\db\/plugins/boardmanager/
2025-09-24 14:42:25,440 [INFO] ApiDb:261 - Set plugin images path to: C:\ST\STM32CubeIDE_1.18.0\STM32CubeIDE\plugins\com.st.stm32cube.common.mx_6.15.0.202507011659\\db\/plugins/mcufinder/images/
2025-09-24 14:42:25,441 [WARN] DbFile:41 - Overriding database path with different value: C:\Users\khanh\.stmcufinder\plugins\mcufinder/ => C:\Users\khanh\.stmcufinder\plugins\mcufinder
2025-09-24 14:42:25,441 [INFO] ApiDb:250 - Set database path to: C:\Users\khanh\.stmcufinder\plugins\mcufinder//mcu/
2025-09-24 14:42:25,441 [WARN] DbFile:41 - Overriding database path with different value: C:\Users\khanh\.stmcufinder\plugins\mcufinder/ => C:\Users\khanh\.stmcufinder\plugins\mcufinder
2025-09-24 14:42:25,441 [INFO] DbMcusAds:125 - Set database path to: C:\Users\khanh\.stmcufinder\plugins\mcufinder//mcu/
2025-09-24 14:42:25,441 [WARN] DbFile:41 - Overriding database path with different value: C:\Users\khanh\.stmcufinder\plugins\mcufinder/ => C:\Users\khanh\.stmcufinder\plugins\mcufinder
2025-09-24 14:42:25,441 [WARN] DbFile:41 - Overriding database path with different value: C:\Users\khanh\.stmcufinder\plugins\mcufinder/ => C:\Users\khanh\.stmcufinder\plugins\mcufinder
2025-09-24 14:42:25,441 [INFO] CrossReferenceDbSqlite:203 - Set database path to: C:\Users\khanh\.stmcufinder\plugins\mcufinder//mcu/cs/
2025-09-24 14:42:25,473 [INFO] ApplicationProperties:184 - Using Application install path: C:\ST\STM32CubeIDE_1.18.0\STM32CubeIDE\plugins\com.st.stm32cube.common.mx_6.15.0.202507011659
2025-09-24 14:42:25,475 [INFO] PluginManage:196 - Search for loadable plugins [exclusion list=, ]
2025-09-24 14:42:25,480 [INFO] PluginManage:310 - Check plugin analytics
2025-09-24 14:42:25,849 [INFO] AnalyticsPlugin:253 - Accepted Software Licenses: STM32CubeMX.6.14.0
2025-09-24 14:42:25,850 [INFO] AnalyticsPlugin:255 - Accepted CMSIS Pack Licenses: 
2025-09-24 14:42:25,850 [INFO] AnalyticsPlugin:257 - Accepted Firmware Licenses: 
2025-09-24 14:42:25,855 [INFO] PluginManage:359 - Loaded plugin analytics (category:tool,tabindex:-1)
2025-09-24 14:42:25,855 [INFO] PluginManage:310 - Check plugin cadmodel
2025-09-24 14:42:25,868 [INFO] CADModel:105 - Init CAD model plugin
2025-09-24 14:42:25,868 [INFO] PluginManage:359 - Loaded plugin cadmodel (category:power,tabindex:5)
2025-09-24 14:42:25,868 [INFO] PluginManage:310 - Check plugin clock
2025-09-24 14:42:25,892 [INFO] PluginManage:359 - Loaded plugin clock (category:base,tabindex:2)
2025-09-24 14:42:25,892 [INFO] PluginManage:310 - Check plugin ddr
2025-09-24 14:42:25,897 [INFO] PluginManage:359 - Loaded plugin ddr (category:tool,tabindex:6)
2025-09-24 14:42:25,897 [INFO] PluginManage:310 - Check plugin filemanager
2025-09-24 14:42:26,129 [INFO] PluginManage:359 - Loaded plugin filemanager (category:base,tabindex:10)
2025-09-24 14:42:26,130 [INFO] PluginManage:310 - Check plugin ipmanager
2025-09-24 14:42:26,145 [INFO] PluginManage:359 - Loaded plugin ipmanager (category:base,tabindex:5)
2025-09-24 14:42:26,146 [INFO] PluginManage:310 - Check plugin lpbam
2025-09-24 14:42:26,166 [INFO] PluginManage:359 - Loaded plugin lpbam (category:base,tabindex:0)
2025-09-24 14:42:26,166 [INFO] PluginManage:310 - Check plugin memorymap
2025-09-24 14:42:26,201 [INFO] PluginManage:359 - Loaded plugin memorymap (category:base,tabindex:4)
2025-09-24 14:42:26,201 [INFO] PluginManage:310 - Check plugin pinoutandconfiguration
2025-09-24 14:42:26,235 [INFO] PluginManage:359 - Loaded plugin pinoutandconfiguration (category:base,tabindex:1)
2025-09-24 14:42:26,235 [INFO] PluginManage:310 - Check plugin pinoutconfig
2025-09-24 14:42:26,424 [WARN] SupportedApi:132 - Cannot load RTOS API schema: s4s-elt-must-match.1: The content of 'definitions' must match (annotation?, (simpleType | complexType)?, (unique | key | keyref)*)). A problem was found starting at: attribute.
2025-09-24 14:42:26,755 [INFO] PluginManage:359 - Loaded plugin pinoutconfig (category:base,tabindex:0)
2025-09-24 14:42:26,755 [INFO] PluginManage:310 - Check plugin power
2025-09-24 14:42:26,780 [INFO] PluginManage:359 - Loaded plugin power (category:power,tabindex:4)
2025-09-24 14:42:26,781 [INFO] PluginManage:310 - Check plugin projectmanager
2025-09-24 14:42:26,857 [INFO] PluginManage:359 - Loaded plugin projectmanager (category:projectmanager,tabindex:4)
2025-09-24 14:42:26,858 [INFO] PluginManage:310 - Check plugin rif
2025-09-24 14:42:26,914 [INFO] PluginManage:359 - Loaded plugin rif (category:base,tabindex:3)
2025-09-24 14:42:26,916 [INFO] PluginManage:310 - Check plugin thirdparty
2025-09-24 14:42:27,322 [INFO] PluginManage:359 - Loaded plugin thirdparty (category:base,tabindex:-1)
2025-09-24 14:42:27,322 [WARN] IntegrityCheckThread:84 - waiting for thirdparty lock release [integrity check]
2025-09-24 14:42:27,323 [INFO] PluginManage:310 - Check plugin tools
2025-09-24 14:42:27,323 [INFO] IntegrityCheckThread:86 - entering critical section [integrity check]
2025-09-24 14:42:27,325 [INFO] ThirdPartyUpdaterWithRetryManager:70 - Updater plugin not ready yet. [1/15]
2025-09-24 14:42:27,332 [INFO] PluginManage:359 - Loaded plugin tools (category:base,tabindex:7)
2025-09-24 14:42:27,333 [INFO] PluginManage:310 - Check plugin tutovideos
2025-09-24 14:42:27,889 [INFO] PluginManage:359 - Loaded plugin tutovideos (category:base,tabindex:-1)
2025-09-24 14:42:27,890 [INFO] PluginManage:310 - Check plugin updater
2025-09-24 14:42:27,931 [INFO] PluginManage:359 - Loaded plugin updater (category:base,tabindex:12)
2025-09-24 14:42:27,932 [INFO] PluginManage:310 - Check plugin userauth
2025-09-24 14:42:27,943 [INFO] UserAuth:118 - Init User Auth plugin
2025-09-24 14:42:27,946 [INFO] PluginManage:359 - Loaded plugin userauth (category:base,tabindex:14)
2025-09-24 14:42:27,947 [INFO] PluginManage:283 - PluginManage : Loaded plugins [18]
2025-09-24 14:42:28,442 [INFO] PinOutPanel:1589 - setPackage(No Configuration,No Configuration)
2025-09-24 14:42:28,614 [INFO] CADModel:165 - CPN selected for project level
2025-09-24 14:42:28,614 [INFO] CADModel:114 - Register for checkConnection events
2025-09-24 14:42:28,661 [INFO] IPUIPlugin:80 - create IPUIPlugin
2025-09-24 14:42:28,662 [INFO] PluginManager:220 - loadIPPluginJar : add adc
2025-09-24 14:42:28,670 [INFO] IPUIPlugin:80 - create IPUIPlugin
2025-09-24 14:42:28,670 [INFO] PluginManager:220 - loadIPPluginJar : add aes
2025-09-24 14:42:28,677 [INFO] IPUIPlugin:80 - create IPUIPlugin
2025-09-24 14:42:28,677 [INFO] PluginManager:220 - loadIPPluginJar : add can
2025-09-24 14:42:28,682 [INFO] IPUIPlugin:80 - create IPUIPlugin
2025-09-24 14:42:28,683 [INFO] PluginManager:220 - loadIPPluginJar : add comp
2025-09-24 14:42:28,691 [INFO] IPUIPlugin:80 - create IPUIPlugin
2025-09-24 14:42:28,691 [INFO] PluginManager:220 - loadIPPluginJar : add cryp
2025-09-24 14:42:28,698 [INFO] IPUIPlugin:80 - create IPUIPlugin
2025-09-24 14:42:28,699 [INFO] PluginManager:220 - loadIPPluginJar : add ddr_ctrl_phy
2025-09-24 14:42:28,706 [INFO] IPUIPlugin:80 - create IPUIPlugin
2025-09-24 14:42:28,706 [INFO] PluginManager:220 - loadIPPluginJar : add dfsdm
2025-09-24 14:42:28,715 [INFO] IPUIPlugin:80 - create IPUIPlugin
2025-09-24 14:42:28,716 [INFO] PluginManager:220 - loadIPPluginJar : add dma
2025-09-24 14:42:28,722 [INFO] IPUIPlugin:80 - create IPUIPlugin
2025-09-24 14:42:28,723 [INFO] PluginManager:220 - loadIPPluginJar : add dma3
2025-09-24 14:42:28,732 [INFO] IPUIPlugin:80 - create IPUIPlugin
2025-09-24 14:42:28,732 [INFO] PluginManager:220 - loadIPPluginJar : add extmemmanager
2025-09-24 14:42:28,735 [INFO] IPUIPlugin:80 - create IPUIPlugin
2025-09-24 14:42:28,737 [INFO] PluginManager:220 - loadIPPluginJar : add fatfs
2025-09-24 14:42:28,749 [INFO] IPUIPlugin:80 - create IPUIPlugin
2025-09-24 14:42:28,750 [INFO] PluginManager:220 - loadIPPluginJar : add fmc
2025-09-24 14:42:28,764 [INFO] IPUIPlugin:80 - create IPUIPlugin
2025-09-24 14:42:28,765 [INFO] PluginManager:220 - loadIPPluginJar : add freertos
2025-09-24 14:42:28,769 [INFO] IPUIPlugin:80 - create IPUIPlugin
2025-09-24 14:42:28,769 [INFO] PluginManager:220 - loadIPPluginJar : add genericplugin
2025-09-24 14:42:28,774 [INFO] IPUIPlugin:80 - create IPUIPlugin
2025-09-24 14:42:28,774 [INFO] PluginManager:220 - loadIPPluginJar : add gfxmmu
2025-09-24 14:42:28,785 [INFO] IPUIPlugin:80 - create IPUIPlugin
2025-09-24 14:42:28,785 [INFO] PluginManager:220 - loadIPPluginJar : add gic
2025-09-24 14:42:28,792 [INFO] IPUIPlugin:80 - create IPUIPlugin
2025-09-24 14:42:28,793 [INFO] PluginManager:220 - loadIPPluginJar : add gpio
2025-09-24 14:42:28,801 [INFO] IPUIPlugin:80 - create IPUIPlugin
2025-09-24 14:42:28,801 [INFO] PluginManager:220 - loadIPPluginJar : add gtzc
2025-09-24 14:42:28,806 [INFO] IPUIPlugin:80 - create IPUIPlugin
2025-09-24 14:42:28,806 [INFO] PluginManager:220 - loadIPPluginJar : add hash
2025-09-24 14:42:28,815 [INFO] IPUIPlugin:80 - create IPUIPlugin
2025-09-24 14:42:28,815 [INFO] PluginManager:220 - loadIPPluginJar : add i2c
2025-09-24 14:42:28,820 [INFO] IPUIPlugin:80 - create IPUIPlugin
2025-09-24 14:42:28,821 [INFO] PluginManager:220 - loadIPPluginJar : add i2s
2025-09-24 14:42:28,828 [INFO] IPUIPlugin:80 - create IPUIPlugin
2025-09-24 14:42:28,828 [INFO] PluginManager:220 - loadIPPluginJar : add i3c
2025-09-24 14:42:28,835 [INFO] IPUIPlugin:80 - create IPUIPlugin
2025-09-24 14:42:28,836 [INFO] PluginManager:220 - loadIPPluginJar : add ipddr
2025-09-24 14:42:28,848 [INFO] IPUIPlugin:80 - create IPUIPlugin
2025-09-24 14:42:28,848 [INFO] PluginManager:220 - loadIPPluginJar : add linkedlist
2025-09-24 14:42:28,854 [INFO] IPUIPlugin:80 - create IPUIPlugin
2025-09-24 14:42:28,854 [INFO] PluginManager:220 - loadIPPluginJar : add lorawan
2025-09-24 14:42:28,859 [INFO] IPUIPlugin:80 - create IPUIPlugin
2025-09-24 14:42:28,859 [INFO] PluginManager:220 - loadIPPluginJar : add ltdc
2025-09-24 14:42:28,871 [INFO] IPUIPlugin:80 - create IPUIPlugin
2025-09-24 14:42:28,871 [INFO] PluginManager:220 - loadIPPluginJar : add mdma
2025-09-24 14:42:28,878 [INFO] IPUIPlugin:80 - create IPUIPlugin
2025-09-24 14:42:28,879 [INFO] PluginManager:220 - loadIPPluginJar : add nvic
2025-09-24 14:42:28,884 [INFO] IPUIPlugin:80 - create IPUIPlugin
2025-09-24 14:42:28,885 [INFO] PluginManager:220 - loadIPPluginJar : add opamp
2025-09-24 14:42:28,891 [INFO] IPUIPlugin:80 - create IPUIPlugin
2025-09-24 14:42:28,892 [INFO] PluginManager:220 - loadIPPluginJar : add openamp
2025-09-24 14:42:28,900 [INFO] IPUIPlugin:80 - create IPUIPlugin
2025-09-24 14:42:28,900 [INFO] PluginManager:220 - loadIPPluginJar : add pdm2pcm
2025-09-24 14:42:28,911 [INFO] IPUIPlugin:80 - create IPUIPlugin
2025-09-24 14:42:28,915 [INFO] PluginManager:220 - loadIPPluginJar : add plateformsettings
2025-09-24 14:42:28,920 [INFO] IPUIPlugin:80 - create IPUIPlugin
2025-09-24 14:42:28,921 [INFO] PluginManager:220 - loadIPPluginJar : add quadspi
2025-09-24 14:42:28,925 [INFO] IPUIPlugin:80 - create IPUIPlugin
2025-09-24 14:42:28,926 [INFO] PluginManager:220 - loadIPPluginJar : add radio
2025-09-24 14:42:28,937 [INFO] IPUIPlugin:80 - create IPUIPlugin
2025-09-24 14:42:28,937 [INFO] PluginManager:220 - loadIPPluginJar : add resmgrutility
2025-09-24 14:42:28,945 [INFO] IPUIPlugin:80 - create IPUIPlugin
2025-09-24 14:42:28,945 [INFO] PluginManager:220 - loadIPPluginJar : add sai
2025-09-24 14:42:28,951 [INFO] IPUIPlugin:80 - create IPUIPlugin
2025-09-24 14:42:28,951 [INFO] PluginManager:220 - loadIPPluginJar : add spi
2025-09-24 14:42:28,964 [INFO] IPUIPlugin:80 - create IPUIPlugin
2025-09-24 14:42:28,964 [INFO] PluginManager:220 - loadIPPluginJar : add stm32_wpan
2025-09-24 14:42:28,970 [INFO] IPUIPlugin:80 - create IPUIPlugin
2025-09-24 14:42:28,970 [INFO] PluginManager:220 - loadIPPluginJar : add tim
2025-09-24 14:42:28,980 [INFO] IPUIPlugin:80 - create IPUIPlugin
2025-09-24 14:42:28,980 [INFO] PluginManager:220 - loadIPPluginJar : add touchsensing
2025-09-24 14:42:28,986 [INFO] IPUIPlugin:80 - create IPUIPlugin
2025-09-24 14:42:28,987 [INFO] PluginManager:220 - loadIPPluginJar : add tracer_emb
2025-09-24 14:42:28,991 [INFO] IPUIPlugin:80 - create IPUIPlugin
2025-09-24 14:42:28,991 [INFO] PluginManager:220 - loadIPPluginJar : add ts
2025-09-24 14:42:28,996 [INFO] IPUIPlugin:80 - create IPUIPlugin
2025-09-24 14:42:28,996 [INFO] PluginManager:220 - loadIPPluginJar : add tsc
2025-09-24 14:42:29,001 [INFO] IPUIPlugin:80 - create IPUIPlugin
2025-09-24 14:42:29,001 [INFO] PluginManager:220 - loadIPPluginJar : add ucpd
2025-09-24 14:42:29,008 [INFO] IPUIPlugin:80 - create IPUIPlugin
2025-09-24 14:42:29,008 [INFO] PluginManager:220 - loadIPPluginJar : add usart
2025-09-24 14:42:29,015 [INFO] IPUIPlugin:80 - create IPUIPlugin
2025-09-24 14:42:29,015 [INFO] PluginManager:220 - loadIPPluginJar : add usbx
2025-09-24 14:42:29,288 [FATAL] Updater:351 - Updater called before beeing initialized
2025-09-24 14:42:29,332 [INFO] RulesReader:64 - Compatibility file has been processed (317 Rules)
2025-09-24 14:42:29,354 [INFO] RulesReader:64 - Compatibility file has been processed (317 Rules)
2025-09-24 14:42:29,370 [INFO] CADModel:165 - CPN selected for project level
2025-09-24 14:42:29,371 [INFO] CADModel:114 - Register for checkConnection events
2025-09-24 14:42:29,371 [FATAL] Updater:351 - Updater called before beeing initialized
2025-09-24 14:42:29,371 [ERROR] CADModel:125 - Updater not yet initialized, retry later 
2025-09-24 14:42:29,601 [FATAL] Updater:351 - Updater called before beeing initialized
2025-09-24 14:42:29,604 [INFO] CADModel:165 - CPN selected for project level
2025-09-24 14:42:29,604 [INFO] CADModel:114 - Register for checkConnection events
2025-09-24 14:42:29,604 [FATAL] Updater:351 - Updater called before beeing initialized
2025-09-24 14:42:29,604 [ERROR] CADModel:125 - Updater not yet initialized, retry later 
2025-09-24 14:42:29,608 [FATAL] Updater:351 - Updater called before beeing initialized
2025-09-24 14:42:29,744 [FATAL] Updater:351 - Updater called before beeing initialized
2025-09-24 14:42:29,747 [INFO] DbMcusAds:53 - JSON generation date=Tue Jul 08 15:14:23 ICT 2025 (1751962463524)
2025-09-24 14:42:29,748 [FATAL] Updater:351 - Updater called before beeing initialized
2025-09-24 14:42:29,786 [WARN] DetailPanel:346 - Failed to get advertising image, set to default
2025-09-24 14:42:29,874 [FATAL] Updater:351 - Updater called before beeing initialized
2025-09-24 14:42:29,877 [FATAL] Updater:351 - Updater called before beeing initialized
2025-09-24 14:42:29,878 [FATAL] Updater:351 - Updater called before beeing initialized
2025-09-24 14:42:29,878 [WARN] DetailPanel:346 - Failed to get advertising image, set to default
2025-09-24 14:42:29,880 [FATAL] Updater:351 - Updater called before beeing initialized
2025-09-24 14:42:29,958 [ERROR] Updater:1198 - MainUpdater not yet initialized. External WinMGr cannot be set.
2025-09-24 14:42:29,962 [INFO] Updater:1134 - Updater Version found : 6.15.0
2025-09-24 14:42:29,993 [INFO] ApplicationProperties:184 - Using Application install path: C:\ST\STM32CubeIDE_1.18.0\STM32CubeIDE\plugins\com.st.stm32cube.common.mx_6.15.0.202507011659
2025-09-24 14:42:30,326 [INFO] ThirdPartyUpdaterWithRetryManager:70 - Updater plugin not ready yet. [2/15]
2025-09-24 14:42:31,577 [ERROR] LogOutputStream:75 - [STDERR_REDIRECT] Sep 24, 2025 2:42:31 PM java.util.prefs.WindowsPreferences <init>
2025-09-24 14:42:31,578 [ERROR] LogOutputStream:75 - [STDERR_REDIRECT] WARNING: Could not open/create prefs root node Software\JavaSoft\Prefs at root 0xffffffff80000002. Windows RegCreateKeyEx(...) returned error code 5.
2025-09-24 14:42:31,578 [ERROR] LogOutputStream:75 - [STDERR_REDIRECT] 
2025-09-24 14:42:32,279 [INFO] MainUpdater:2872 - connection check result : 10
2025-09-24 14:42:32,280 [INFO] MainUpdater:289 - Updater Check For Update Now.
2025-09-24 14:42:32,280 [INFO] MicroXplorer:498 - Change Database Version : DB.6.0.150
2025-09-24 14:42:32,288 [INFO] McuFinderGlobals:63 - Set McuFinder mode to 2 (CubeIDE integrated)
2025-09-24 14:42:32,291 [INFO] UserAuth:487 - Internet connection configuration mode: 1
2025-09-24 14:42:32,324 [INFO] JxBrowserEngine:152 - Initiate JxBrowser Engine with user profile folder
2025-09-24 14:42:32,475 [INFO] CheckServerUpdateThread:120 - End of CheckServer Thread
2025-09-24 14:42:34,007 [WARN] PackLoader:240 - Cannot read IP mode file for STMicroelectronics.FP-SNS-MOTENVWB1.1.4.0
2025-09-24 14:42:34,036 [WARN] PackLoader:240 - Cannot read IP mode file for STMicroelectronics.X-CUBE-SMBUS.2.1.0
2025-09-24 14:42:34,053 [WARN] PackLoader:240 - Cannot read IP mode file for STMicroelectronics.X-CUBE-WB05N.1.1.0
2025-09-24 14:42:34,064 [WARN] PackLoader:240 - Cannot read IP mode file for STMicroelectronics.X-CUBE-ST60.1.0.0
2025-09-24 14:42:34,103 [WARN] PackLoader:240 - Cannot read IP mode file for STMicroelectronics.X-CUBE-AZRTOS-F7.1.1.0
2025-09-24 14:42:34,135 [WARN] PackLoader:240 - Cannot read IP mode file for Infineon.AIROC-Wi-Fi-Bluetooth-STM32.1.7.0
2025-09-24 14:42:34,170 [WARN] PackLoader:240 - Cannot read IP mode file for STMicroelectronics.X-CUBE-AZRTOS-H7.3.4.0
2025-09-24 14:42:34,186 [WARN] PackLoader:240 - Cannot read IP mode file for STMicroelectronics.X-CUBE-DISPLAY.3.0.0
2025-09-24 14:42:34,201 [WARN] PackLoader:240 - Cannot read IP mode file for STMicroelectronics.X-CUBE-NFC10.1.0.0
2025-09-24 14:42:34,218 [WARN] PackLoader:240 - Cannot read IP mode file for STMicroelectronics.X-CUBE-BLEMGR.4.0.0
2025-09-24 14:42:34,230 [WARN] PackLoader:240 - Cannot read IP mode file for emotas.I-CUBE-CANOPEN.1.3.0
2025-09-24 14:42:34,238 [WARN] ConditionMgr:438 - getConditionDescription Invalid condition id : Cortex-A Device cause : null
2025-09-24 14:42:34,256 [WARN] ConditionMgr:1044 - genDependencies : Invalid condition id : Cortex-A Device cause : null
2025-09-24 14:42:34,256 [WARN] ConditionMgr:1044 - genDependencies : Invalid condition id : Cortex-A Device cause : null
2025-09-24 14:42:34,257 [WARN] ConditionMgr:1044 - genDependencies : Invalid condition id : Cortex-A Device cause : null
2025-09-24 14:42:34,263 [WARN] PackLoader:240 - Cannot read IP mode file for STMicroelectronics.X-CUBE-AI.10.0.0
2025-09-24 14:42:34,274 [WARN] PackLoader:240 - Cannot read IP mode file for STMicroelectronics.FP-SNS-STBOX1.2.1.0
2025-09-24 14:42:34,281 [WARN] PackLoader:240 - Cannot read IP mode file for STMicroelectronics.FP-SNS-SMARTAG2.1.2.0
2025-09-24 14:42:34,286 [INFO] WebApp:169 - Instantiating new browser for Auth
2025-09-24 14:42:34,433 [WARN] PackLoader:240 - Cannot read IP mode file for STMicroelectronics.X-CUBE-MEMS1.11.1.0
2025-09-24 14:42:34,599 [INFO] LogOutputStream:77 - [STDOUT_REDIRECT] 1 : Invalid condition id : UX_CORESTACK_Condition cause : null
2025-09-24 14:42:34,600 [INFO] LogOutputStream:77 - [STDOUT_REDIRECT] 1 : Invalid condition id : UX_CORESTACK_Condition cause : null
2025-09-24 14:42:34,601 [INFO] LogOutputStream:77 - [STDOUT_REDIRECT] 1 : Invalid condition id : UX_CORESTACK_Condition cause : null
2025-09-24 14:42:34,602 [INFO] LogOutputStream:77 - [STDOUT_REDIRECT] 1 : Invalid condition id : UX_CORESTACK_Condition cause : null
2025-09-24 14:42:34,604 [INFO] LogOutputStream:77 - [STDOUT_REDIRECT] 1 : Invalid condition id : UX_CORESTACK_Condition cause : null
2025-09-24 14:42:34,607 [WARN] PackLoader:240 - Cannot read IP mode file for STMicroelectronics.X-CUBE-AZRTOS-WL.2.0.0
2025-09-24 14:42:34,619 [WARN] PackLoader:240 - Cannot read IP mode file for STMicroelectronics.FP-SNS-MOTENV1.5.0.0
2025-09-24 14:42:34,631 [WARN] PackLoader:240 - Cannot read IP mode file for WES.I-CUBE-Cesium.1.3.0
2025-09-24 14:42:34,639 [WARN] PackLoader:240 - Cannot read IP mode file for STMicroelectronics.X-CUBE-BLE2.3.3.0
2025-09-24 14:42:34,650 [WARN] PackLoader:240 - Cannot read IP mode file for STMicroelectronics.X-CUBE-NFC9.1.0.0
2025-09-24 14:42:34,659 [WARN] PackLoader:240 - Cannot read IP mode file for wolfSSL.I-CUBE-wolfMQTT.1.19.2
2025-09-24 14:42:34,670 [WARN] PackLoader:240 - Cannot read IP mode file for STMicroelectronics.X-CUBE-EEPRMA1.5.2.0
2025-09-24 14:42:34,702 [WARN] PackLoader:240 - Cannot read IP mode file for STMicroelectronics.X-CUBE-AI.10.1.0
2025-09-24 14:42:34,789 [WARN] PackLoader:240 - Cannot read IP mode file for STMicroelectronics.X-CUBE-MEMS1.11.2.0
2025-09-24 14:42:34,966 [WARN] PackLoader:240 - Cannot read IP mode file for STMicroelectronics.X-CUBE-AZRTOS-G0.1.1.0
2025-09-24 14:42:34,977 [WARN] PackLoader:240 - Cannot read IP mode file for STMicroelectronics.X-CUBE-SAFEA1.1.2.2
2025-09-24 14:42:34,986 [WARN] PackLoader:240 - Cannot read IP mode file for STMicroelectronics.X-CUBE-NFC4.3.0.0
2025-09-24 14:42:34,997 [WARN] PackLoader:240 - Cannot read IP mode file for EmbeddedOffice.I-CUBE-FS-RTOS.1.0.1
2025-09-24 14:42:35,003 [WARN] PackLoader:240 - Cannot read IP mode file for STMicroelectronics.X-CUBE-WB05N.2.0.0
2025-09-24 14:42:35,011 [WARN] PackLoader:240 - Cannot read IP mode file for wolfSSL.I-CUBE-wolfTPM.3.8.0
2025-09-24 14:42:35,018 [WARN] PackLoader:240 - Cannot read IP mode file for STMicroelectronics.X-CUBE-TCPP.4.2.0
2025-09-24 14:42:35,025 [WARN] PackLoader:240 - Cannot read IP mode file for RealThread.X-CUBE-RT-Thread_Nano.4.1.1
2025-09-24 14:42:35,034 [WARN] PackLoader:240 - Cannot read IP mode file for STMicroelectronics.FP-ATR-SIGFOX1.3.2.0
2025-09-24 14:42:35,042 [WARN] PackLoader:240 - Cannot read IP mode file for STMicroelectronics.X-CUBE-EEPRMA1.5.1.0
2025-09-24 14:42:35,054 [WARN] PackLoader:240 - Cannot read IP mode file for wolfSSL.I-CUBE-wolfSSL.5.7.6
2025-09-24 14:42:35,062 [WARN] PackLoader:240 - Cannot read IP mode file for ITTIA_DB.I-CUBE-ITTIADB.8.9.0
2025-09-24 14:42:35,072 [WARN] PackLoader:240 - Cannot read IP mode file for STMicroelectronics.X-CUBE-ST67W61.1.0.0
2025-09-24 14:42:35,079 [WARN] PackLoader:240 - Cannot read IP mode file for STMicroelectronics.X-CUBE-AI.10.2.0
2025-09-24 14:42:35,133 [WARN] PackLoader:240 - Cannot read IP mode file for SEGGER.I-CUBE-embOS.1.3.1
2025-09-24 14:42:35,235 [WARN] PackLoader:240 - Cannot read IP mode file for STMicroelectronics.X-CUBE-ALGOBUILD.1.4.0
2025-09-24 14:42:35,308 [WARN] PackLoader:240 - Cannot read IP mode file for STMicroelectronics.X-CUBE-MEMS1.11.3.0
2025-09-24 14:42:35,447 [WARN] PackLoader:240 - Cannot read IP mode file for STMicroelectronics.X-CUBE-PM33A1.1.0.0
2025-09-24 14:42:35,472 [WARN] PackLoader:240 - Cannot read IP mode file for STMicroelectronics.X-CUBE-AZRTOS-F4.1.1.0
2025-09-24 14:42:35,486 [WARN] PackLoader:240 - Cannot read IP mode file for Avnet-IotConnect.X-CUBE-IoTC-DA16k-PMOD.1.0.0
2025-09-24 14:42:35,499 [WARN] PackLoader:240 - Cannot read IP mode file for STMicroelectronics.X-CUBE-ISPU.2.1.0
2025-09-24 14:42:35,514 [WARN] PackLoader:240 - Cannot read IP mode file for STMicroelectronics.X-CUBE-NFC12.1.0.0
2025-09-24 14:42:35,559 [WARN] PackLoader:240 - Cannot read IP mode file for STMicroelectronics.X-CUBE-AZRTOS-L5.2.0.0
2025-09-24 14:42:35,580 [WARN] PackLoader:240 - Cannot read IP mode file for STMicroelectronics.X-CUBE-NFC6.3.1.0
2025-09-24 14:42:35,594 [WARN] PackLoader:240 - Cannot read IP mode file for STMicroelectronics.X-CUBE-DPower.1.2.0
2025-09-24 14:42:35,612 [WARN] PackLoader:240 - Cannot read IP mode file for STMicroelectronics.X-CUBE-FREERTOS.1.3.1
2025-09-24 14:42:35,622 [WARN] PackLoader:240 - Cannot read IP mode file for STMicroelectronics.X-CUBE-FREERTOS.1.3.0
2025-09-24 14:42:35,631 [WARN] PackLoader:240 - Cannot read IP mode file for STMicroelectronics.X-CUBE-NFC7.1.0.1
2025-09-24 14:42:35,642 [WARN] PackLoader:240 - Cannot read IP mode file for STMicroelectronics.FP-SNS-STAIOTCFT.1.0.0
2025-09-24 14:42:35,652 [WARN] PackLoader:240 - Cannot read IP mode file for STMicroelectronics.X-CUBE-DPower.1.3.0
2025-09-24 14:42:35,702 [WARN] ConditionMgr:438 - getConditionDescription Invalid condition id : LAN8742 Phy interface Condition cause : null
2025-09-24 14:42:35,705 [WARN] PackLoader:240 - Cannot read IP mode file for STMicroelectronics.X-CUBE-AZRTOS-L4.2.0.0
2025-09-24 14:42:35,708 [WARN] ConditionMgr:1044 - genDependencies : Invalid condition id : LAN8742 Phy interface Condition cause : null
2025-09-24 14:42:35,710 [WARN] ConditionMgr:1044 - genDependencies : Invalid condition id : LAN8742 Phy interface Condition cause : null
2025-09-24 14:42:35,712 [WARN] ConditionMgr:1044 - genDependencies : Invalid condition id : LAN8742 Phy interface Condition cause : null
2025-09-24 14:42:35,743 [WARN] PackLoader:240 - Cannot read IP mode file for STMicroelectronics.X-CUBE-SFXS2LP1.4.0.0
2025-09-24 14:42:35,779 [WARN] PackLoader:240 - Cannot read IP mode file for STMicroelectronics.X-CUBE-AZRTOS-H7.3.3.0
2025-09-24 14:42:35,803 [WARN] PackLoader:240 - Cannot read IP mode file for STMicroelectronics.X-CUBE-BLEMGR.4.1.0
2025-09-24 14:42:35,835 [WARN] ConditionMgr:438 - getConditionDescription Invalid condition id : UX DEVICE CLASS RTOS Condition cause : null
2025-09-24 14:42:35,835 [WARN] ConditionMgr:438 - getConditionDescription Invalid condition id : UX DEVICE CLASS RTOS Condition cause : null
2025-09-24 14:42:35,838 [WARN] PackLoader:240 - Cannot read IP mode file for STMicroelectronics.X-CUBE-AZRTOS-WB.2.0.0
2025-09-24 14:42:35,840 [WARN] ConditionMgr:1044 - genDependencies : Invalid condition id : UX DEVICE CLASS RTOS Condition cause : null
2025-09-24 14:42:35,840 [WARN] ConditionMgr:1044 - genDependencies : Invalid condition id : UX DEVICE CLASS RTOS Condition cause : null
2025-09-24 14:42:35,841 [WARN] ConditionMgr:1044 - genDependencies : Invalid condition id : UX DEVICE CLASS RTOS Condition cause : null
2025-09-24 14:42:35,841 [WARN] ConditionMgr:1044 - genDependencies : Invalid condition id : UX DEVICE CLASS RTOS Condition cause : null
2025-09-24 14:42:35,841 [WARN] ConditionMgr:1044 - genDependencies : Invalid condition id : UX DEVICE CLASS RTOS Condition cause : null
2025-09-24 14:42:35,852 [WARN] PackLoader:240 - Cannot read IP mode file for STMicroelectronics.X-CUBE-GNSS1.7.0.1
2025-09-24 14:42:35,866 [WARN] PackLoader:240 - Cannot read IP mode file for STMicroelectronics.FP-SNS-STBOX1.2.0.0
2025-09-24 14:42:35,883 [WARN] PackLoader:240 - Cannot read IP mode file for STMicroelectronics.X-CUBE-SUBG2.5.0.0
2025-09-24 14:42:35,918 [WARN] PackLoader:240 - Cannot read IP mode file for STMicroelectronics.X-CUBE-AZRTOS-H7RS.1.1.0
2025-09-24 14:42:35,940 [WARN] PackLoader:240 - Cannot read IP mode file for Cesanta.I-CUBE-Mongoose.7.13.0
2025-09-24 14:42:35,966 [WARN] PackLoader:240 - Cannot read IP mode file for STMicroelectronics.X-CUBE-AZRTOS-G4.2.0.0
2025-09-24 14:42:35,986 [WARN] PackLoader:240 - Cannot read IP mode file for wolfSSL.I-CUBE-wolfSSH.1.4.20
2025-09-24 14:42:35,998 [WARN] PackLoader:240 - Cannot read IP mode file for STMicroelectronics.X-CUBE-NFC7.2.0.0
2025-09-24 14:42:36,005 [INFO] WebApp:463 - Apply proxy settings
2025-09-24 14:42:36,006 [INFO] WebApp:548 - Chromium requires no authentication
2025-09-24 14:42:36,021 [WARN] PackLoader:240 - Cannot read IP mode file for STMicroelectronics.X-CUBE-IPS.3.1.0
2025-09-24 14:42:36,032 [INFO] WebApp:491 - Direct internet connection detected
2025-09-24 14:42:36,037 [WARN] PackLoader:240 - Cannot read IP mode file for STMicroelectronics.X-CUBE-ALS.1.0.2
2025-09-24 14:42:36,054 [WARN] PackLoader:240 - Cannot read IP mode file for STMicroelectronics.X-CUBE-STSE01.1.0.0
2025-09-24 14:42:36,070 [WARN] PackLoader:240 - Cannot read IP mode file for portGmbH.I-Cube-SoM-uGOAL.1.1.0
2025-09-24 14:42:36,090 [WARN] PackLoader:240 - Cannot read IP mode file for STMicroelectronics.X-CUBE-TOF1.3.4.2
2025-09-24 14:42:36,100 [INFO] WebApp:900 - Register for checkConnection events
2025-09-24 14:42:36,100 [INFO] WebApp:463 - Apply proxy settings
2025-09-24 14:42:36,101 [INFO] WebApp:548 - Chromium requires no authentication
2025-09-24 14:42:36,102 [INFO] WebApp:491 - Direct internet connection detected
2025-09-24 14:42:36,118 [WARN] PackLoader:240 - Cannot read IP mode file for STMicroelectronics.X-CUBE-TOF1.3.4.3
2025-09-24 14:42:36,132 [INFO] ThirdParty:978 - Integrity check success = true
2025-09-24 14:42:36,134 [INFO] IntegrityCheckThread:100 - exiting critical section [integrity check]
2025-09-24 14:42:36,134 [INFO] IntegrityCheckThread:103 - End integrity checks thread
2025-09-24 14:42:36,497 [INFO] WebApp:225 - Starting web application
2025-09-24 14:42:36,498 [INFO] WebApp:593 - Web application path used C:\ST\STM32CubeIDE_1.18.0\STM32CubeIDE\plugins\com.st.stm32cube.common.mx_6.15.0.202507011659\db\plugins\mcufinder\reactClient1\index.html
2025-09-24 14:42:36,718 [INFO] UserAuth:487 - Internet connection configuration mode: 1
2025-09-24 14:44:17,854 [INFO] WebApp:191 - Connection restablished
2025-09-24 14:52:44,499 [ERROR] LogOutputStream:75 - [STDERR_REDIRECT] 
2025-09-24 14:53:32,623 [INFO] Activator:176 - 


2025-09-24 14:53:32,627 [INFO] Activator:177 - !SESSION log4j initialized
2025-09-24 14:53:45,049 [INFO] LogOutputStream:77 - [STDOUT_REDIRECT] 
2025-09-24 14:53:49,062 [INFO] ApplicationProperties:184 - Using Application install path: C:\ST\STM32CubeIDE_1.18.0\STM32CubeIDE\plugins\com.st.stm32cube.common.mx_6.15.0.202507011659
2025-09-24 14:53:49,104 [INFO] DbMcusXml:78 - Set database path to: C:\ST\STM32CubeIDE_1.18.0\STM32CubeIDE\plugins\com.st.stm32cube.common.mx_6.15.0.202507011659\\db\/mcu/
2025-09-24 14:53:49,105 [INFO] ApiDb:274 - Set plugin database path to: C:\ST\STM32CubeIDE_1.18.0\STM32CubeIDE\plugins\com.st.stm32cube.common.mx_6.15.0.202507011659\\db\/plugins/boardmanager/
2025-09-24 14:53:49,107 [WARN] ApiDb:259 - Overriding images path with different value:  => C:\ST\STM32CubeIDE_1.18.0\STM32CubeIDE\plugins\com.st.stm32cube.common.mx_6.15.0.202507011659\\db\/plugins/mcufinder/images/
2025-09-24 14:53:49,122 [INFO] ApiDb:250 - Set database path to: C:\Users\khanh\.stmcufinder\plugins\mcufinder//mcu/
2025-09-24 14:53:49,125 [INFO] DbMcusAds:125 - Set database path to: C:\Users\khanh\.stmcufinder\plugins\mcufinder//mcu/
2025-09-24 14:53:49,131 [INFO] CrossReferenceDbSqlite:203 - Set database path to: C:\Users\khanh\.stmcufinder\plugins\mcufinder//mcu/cs/
2025-09-24 14:53:49,450 [INFO] RulesReader:64 - Compatibility file has been processed (317 Rules)
2025-09-24 14:53:49,662 [INFO] DbMcusXml:78 - Set database path to: C:\ST\STM32CubeIDE_1.18.0\STM32CubeIDE\plugins\com.st.stm32cube.common.mx_6.15.0.202507011659\\db\/mcu/
2025-09-24 14:53:49,663 [INFO] ApiDb:274 - Set plugin database path to: C:\ST\STM32CubeIDE_1.18.0\STM32CubeIDE\plugins\com.st.stm32cube.common.mx_6.15.0.202507011659\\db\/plugins/boardmanager/
2025-09-24 14:53:49,663 [INFO] ApiDb:261 - Set plugin images path to: C:\ST\STM32CubeIDE_1.18.0\STM32CubeIDE\plugins\com.st.stm32cube.common.mx_6.15.0.202507011659\\db\/plugins/mcufinder/images/
2025-09-24 14:53:49,664 [WARN] DbFile:41 - Overriding database path with different value: C:\Users\khanh\.stmcufinder\plugins\mcufinder/ => C:\Users\khanh\.stmcufinder\plugins\mcufinder
2025-09-24 14:53:49,664 [INFO] ApiDb:250 - Set database path to: C:\Users\khanh\.stmcufinder\plugins\mcufinder//mcu/
2025-09-24 14:53:49,664 [WARN] DbFile:41 - Overriding database path with different value: C:\Users\khanh\.stmcufinder\plugins\mcufinder/ => C:\Users\khanh\.stmcufinder\plugins\mcufinder
2025-09-24 14:53:49,664 [INFO] DbMcusAds:125 - Set database path to: C:\Users\khanh\.stmcufinder\plugins\mcufinder//mcu/
2025-09-24 14:53:49,664 [WARN] DbFile:41 - Overriding database path with different value: C:\Users\khanh\.stmcufinder\plugins\mcufinder/ => C:\Users\khanh\.stmcufinder\plugins\mcufinder
2025-09-24 14:53:49,665 [WARN] DbFile:41 - Overriding database path with different value: C:\Users\khanh\.stmcufinder\plugins\mcufinder/ => C:\Users\khanh\.stmcufinder\plugins\mcufinder
2025-09-24 14:53:49,665 [INFO] CrossReferenceDbSqlite:203 - Set database path to: C:\Users\khanh\.stmcufinder\plugins\mcufinder//mcu/cs/
2025-09-24 14:53:49,844 [INFO] MainPanel:274 - HeapMemory: 268435456
2025-09-24 14:53:50,138 [INFO] DbMcusXml:78 - Set database path to: C:\ST\STM32CubeIDE_1.18.0\STM32CubeIDE\plugins\com.st.stm32cube.common.mx_6.15.0.202507011659\\db\/mcu/
2025-09-24 14:53:50,138 [INFO] ApiDb:274 - Set plugin database path to: C:\ST\STM32CubeIDE_1.18.0\STM32CubeIDE\plugins\com.st.stm32cube.common.mx_6.15.0.202507011659\\db\/plugins/boardmanager/
2025-09-24 14:53:50,138 [INFO] ApiDb:261 - Set plugin images path to: C:\ST\STM32CubeIDE_1.18.0\STM32CubeIDE\plugins\com.st.stm32cube.common.mx_6.15.0.202507011659\\db\/plugins/mcufinder/images/
2025-09-24 14:53:50,139 [WARN] DbFile:41 - Overriding database path with different value: C:\Users\khanh\.stmcufinder\plugins\mcufinder/ => C:\Users\khanh\.stmcufinder\plugins\mcufinder
2025-09-24 14:53:50,139 [INFO] ApiDb:250 - Set database path to: C:\Users\khanh\.stmcufinder\plugins\mcufinder//mcu/
2025-09-24 14:53:50,139 [WARN] DbFile:41 - Overriding database path with different value: C:\Users\khanh\.stmcufinder\plugins\mcufinder/ => C:\Users\khanh\.stmcufinder\plugins\mcufinder
2025-09-24 14:53:50,140 [INFO] DbMcusAds:125 - Set database path to: C:\Users\khanh\.stmcufinder\plugins\mcufinder//mcu/
2025-09-24 14:53:50,140 [WARN] DbFile:41 - Overriding database path with different value: C:\Users\khanh\.stmcufinder\plugins\mcufinder/ => C:\Users\khanh\.stmcufinder\plugins\mcufinder
2025-09-24 14:53:50,140 [WARN] DbFile:41 - Overriding database path with different value: C:\Users\khanh\.stmcufinder\plugins\mcufinder/ => C:\Users\khanh\.stmcufinder\plugins\mcufinder
2025-09-24 14:53:50,141 [INFO] CrossReferenceDbSqlite:203 - Set database path to: C:\Users\khanh\.stmcufinder\plugins\mcufinder//mcu/cs/
2025-09-24 14:53:50,189 [INFO] ApplicationProperties:184 - Using Application install path: C:\ST\STM32CubeIDE_1.18.0\STM32CubeIDE\plugins\com.st.stm32cube.common.mx_6.15.0.202507011659
2025-09-24 14:53:50,192 [INFO] PluginManage:196 - Search for loadable plugins [exclusion list=, ]
2025-09-24 14:53:50,195 [INFO] PluginManage:310 - Check plugin analytics
2025-09-24 14:53:50,640 [INFO] AnalyticsPlugin:253 - Accepted Software Licenses: STM32CubeMX.6.14.0
2025-09-24 14:53:50,641 [INFO] AnalyticsPlugin:255 - Accepted CMSIS Pack Licenses: 
2025-09-24 14:53:50,642 [INFO] AnalyticsPlugin:257 - Accepted Firmware Licenses: 
2025-09-24 14:53:50,649 [INFO] PluginManage:359 - Loaded plugin analytics (category:tool,tabindex:-1)
2025-09-24 14:53:50,650 [INFO] PluginManage:310 - Check plugin cadmodel
2025-09-24 14:53:50,659 [INFO] CADModel:105 - Init CAD model plugin
2025-09-24 14:53:50,660 [INFO] PluginManage:359 - Loaded plugin cadmodel (category:power,tabindex:5)
2025-09-24 14:53:50,660 [INFO] PluginManage:310 - Check plugin clock
2025-09-24 14:53:50,684 [INFO] PluginManage:359 - Loaded plugin clock (category:base,tabindex:2)
2025-09-24 14:53:50,684 [INFO] PluginManage:310 - Check plugin ddr
2025-09-24 14:53:50,690 [INFO] PluginManage:359 - Loaded plugin ddr (category:tool,tabindex:6)
2025-09-24 14:53:50,691 [INFO] PluginManage:310 - Check plugin filemanager
2025-09-24 14:53:51,078 [INFO] PluginManage:359 - Loaded plugin filemanager (category:base,tabindex:10)
2025-09-24 14:53:51,078 [INFO] PluginManage:310 - Check plugin ipmanager
2025-09-24 14:53:51,097 [INFO] PluginManage:359 - Loaded plugin ipmanager (category:base,tabindex:5)
2025-09-24 14:53:51,098 [INFO] PluginManage:310 - Check plugin lpbam
2025-09-24 14:53:51,153 [INFO] PluginManage:359 - Loaded plugin lpbam (category:base,tabindex:0)
2025-09-24 14:53:51,154 [INFO] PluginManage:310 - Check plugin memorymap
2025-09-24 14:53:51,194 [INFO] PluginManage:359 - Loaded plugin memorymap (category:base,tabindex:4)
2025-09-24 14:53:51,195 [INFO] PluginManage:310 - Check plugin pinoutandconfiguration
2025-09-24 14:53:51,215 [INFO] PluginManage:359 - Loaded plugin pinoutandconfiguration (category:base,tabindex:1)
2025-09-24 14:53:51,215 [INFO] PluginManage:310 - Check plugin pinoutconfig
2025-09-24 14:53:51,446 [WARN] SupportedApi:132 - Cannot load RTOS API schema: s4s-elt-must-match.1: The content of 'definitions' must match (annotation?, (simpleType | complexType)?, (unique | key | keyref)*)). A problem was found starting at: attribute.
2025-09-24 14:53:51,794 [INFO] PluginManage:359 - Loaded plugin pinoutconfig (category:base,tabindex:0)
2025-09-24 14:53:51,796 [INFO] PluginManage:310 - Check plugin power
2025-09-24 14:53:51,815 [INFO] PluginManage:359 - Loaded plugin power (category:power,tabindex:4)
2025-09-24 14:53:51,816 [INFO] PluginManage:310 - Check plugin projectmanager
2025-09-24 14:53:51,856 [INFO] PluginManage:359 - Loaded plugin projectmanager (category:projectmanager,tabindex:4)
2025-09-24 14:53:51,857 [INFO] PluginManage:310 - Check plugin rif
2025-09-24 14:53:51,876 [INFO] PluginManage:359 - Loaded plugin rif (category:base,tabindex:3)
2025-09-24 14:53:51,876 [INFO] PluginManage:310 - Check plugin thirdparty
2025-09-24 14:53:52,200 [INFO] PluginManage:359 - Loaded plugin thirdparty (category:base,tabindex:-1)
2025-09-24 14:53:52,200 [WARN] IntegrityCheckThread:84 - waiting for thirdparty lock release [integrity check]
2025-09-24 14:53:52,200 [INFO] PluginManage:310 - Check plugin tools
2025-09-24 14:53:52,200 [INFO] IntegrityCheckThread:86 - entering critical section [integrity check]
2025-09-24 14:53:52,201 [INFO] ThirdPartyUpdaterWithRetryManager:70 - Updater plugin not ready yet. [1/15]
2025-09-24 14:53:52,205 [INFO] PluginManage:359 - Loaded plugin tools (category:base,tabindex:7)
2025-09-24 14:53:52,205 [INFO] PluginManage:310 - Check plugin tutovideos
2025-09-24 14:53:52,707 [INFO] PluginManage:359 - Loaded plugin tutovideos (category:base,tabindex:-1)
2025-09-24 14:53:52,707 [INFO] PluginManage:310 - Check plugin updater
2025-09-24 14:53:52,751 [INFO] PluginManage:359 - Loaded plugin updater (category:base,tabindex:12)
2025-09-24 14:53:52,751 [INFO] PluginManage:310 - Check plugin userauth
2025-09-24 14:53:52,759 [INFO] UserAuth:118 - Init User Auth plugin
2025-09-24 14:53:52,761 [INFO] PluginManage:359 - Loaded plugin userauth (category:base,tabindex:14)
2025-09-24 14:53:52,762 [INFO] PluginManage:283 - PluginManage : Loaded plugins [18]
2025-09-24 14:53:53,264 [INFO] PinOutPanel:1589 - setPackage(No Configuration,No Configuration)
2025-09-24 14:53:53,455 [INFO] CADModel:165 - CPN selected for project level
2025-09-24 14:53:53,456 [INFO] CADModel:114 - Register for checkConnection events
2025-09-24 14:53:53,481 [INFO] IPUIPlugin:80 - create IPUIPlugin
2025-09-24 14:53:53,481 [INFO] PluginManager:220 - loadIPPluginJar : add adc
2025-09-24 14:53:53,485 [INFO] IPUIPlugin:80 - create IPUIPlugin
2025-09-24 14:53:53,485 [INFO] PluginManager:220 - loadIPPluginJar : add aes
2025-09-24 14:53:53,490 [INFO] IPUIPlugin:80 - create IPUIPlugin
2025-09-24 14:53:53,490 [INFO] PluginManager:220 - loadIPPluginJar : add can
2025-09-24 14:53:53,494 [INFO] IPUIPlugin:80 - create IPUIPlugin
2025-09-24 14:53:53,494 [INFO] PluginManager:220 - loadIPPluginJar : add comp
2025-09-24 14:53:53,498 [INFO] IPUIPlugin:80 - create IPUIPlugin
2025-09-24 14:53:53,499 [INFO] PluginManager:220 - loadIPPluginJar : add cryp
2025-09-24 14:53:53,505 [INFO] IPUIPlugin:80 - create IPUIPlugin
2025-09-24 14:53:53,506 [INFO] PluginManager:220 - loadIPPluginJar : add ddr_ctrl_phy
2025-09-24 14:53:53,509 [INFO] IPUIPlugin:80 - create IPUIPlugin
2025-09-24 14:53:53,509 [INFO] PluginManager:220 - loadIPPluginJar : add dfsdm
2025-09-24 14:53:53,517 [INFO] IPUIPlugin:80 - create IPUIPlugin
2025-09-24 14:53:53,518 [INFO] PluginManager:220 - loadIPPluginJar : add dma
2025-09-24 14:53:53,521 [INFO] IPUIPlugin:80 - create IPUIPlugin
2025-09-24 14:53:53,521 [INFO] PluginManager:220 - loadIPPluginJar : add dma3
2025-09-24 14:53:53,525 [INFO] IPUIPlugin:80 - create IPUIPlugin
2025-09-24 14:53:53,525 [INFO] PluginManager:220 - loadIPPluginJar : add extmemmanager
2025-09-24 14:53:53,528 [INFO] IPUIPlugin:80 - create IPUIPlugin
2025-09-24 14:53:53,528 [INFO] PluginManager:220 - loadIPPluginJar : add fatfs
2025-09-24 14:53:53,534 [INFO] IPUIPlugin:80 - create IPUIPlugin
2025-09-24 14:53:53,534 [INFO] PluginManager:220 - loadIPPluginJar : add fmc
2025-09-24 14:53:53,542 [INFO] IPUIPlugin:80 - create IPUIPlugin
2025-09-24 14:53:53,542 [INFO] PluginManager:220 - loadIPPluginJar : add freertos
2025-09-24 14:53:53,544 [INFO] IPUIPlugin:80 - create IPUIPlugin
2025-09-24 14:53:53,544 [INFO] PluginManager:220 - loadIPPluginJar : add genericplugin
2025-09-24 14:53:53,547 [INFO] IPUIPlugin:80 - create IPUIPlugin
2025-09-24 14:53:53,547 [INFO] PluginManager:220 - loadIPPluginJar : add gfxmmu
2025-09-24 14:53:53,556 [INFO] IPUIPlugin:80 - create IPUIPlugin
2025-09-24 14:53:53,556 [INFO] PluginManager:220 - loadIPPluginJar : add gic
2025-09-24 14:53:53,563 [INFO] IPUIPlugin:80 - create IPUIPlugin
2025-09-24 14:53:53,564 [INFO] PluginManager:220 - loadIPPluginJar : add gpio
2025-09-24 14:53:53,568 [INFO] IPUIPlugin:80 - create IPUIPlugin
2025-09-24 14:53:53,568 [INFO] PluginManager:220 - loadIPPluginJar : add gtzc
2025-09-24 14:53:53,571 [INFO] IPUIPlugin:80 - create IPUIPlugin
2025-09-24 14:53:53,571 [INFO] PluginManager:220 - loadIPPluginJar : add hash
2025-09-24 14:53:53,575 [INFO] IPUIPlugin:80 - create IPUIPlugin
2025-09-24 14:53:53,576 [INFO] PluginManager:220 - loadIPPluginJar : add i2c
2025-09-24 14:53:53,580 [INFO] IPUIPlugin:80 - create IPUIPlugin
2025-09-24 14:53:53,580 [INFO] PluginManager:220 - loadIPPluginJar : add i2s
2025-09-24 14:53:53,584 [INFO] IPUIPlugin:80 - create IPUIPlugin
2025-09-24 14:53:53,585 [INFO] PluginManager:220 - loadIPPluginJar : add i3c
2025-09-24 14:53:53,590 [INFO] IPUIPlugin:80 - create IPUIPlugin
2025-09-24 14:53:53,591 [INFO] PluginManager:220 - loadIPPluginJar : add ipddr
2025-09-24 14:53:53,602 [INFO] IPUIPlugin:80 - create IPUIPlugin
2025-09-24 14:53:53,602 [INFO] PluginManager:220 - loadIPPluginJar : add linkedlist
2025-09-24 14:53:53,607 [INFO] IPUIPlugin:80 - create IPUIPlugin
2025-09-24 14:53:53,607 [INFO] PluginManager:220 - loadIPPluginJar : add lorawan
2025-09-24 14:53:53,609 [INFO] IPUIPlugin:80 - create IPUIPlugin
2025-09-24 14:53:53,609 [INFO] PluginManager:220 - loadIPPluginJar : add ltdc
2025-09-24 14:53:53,617 [INFO] IPUIPlugin:80 - create IPUIPlugin
2025-09-24 14:53:53,618 [INFO] PluginManager:220 - loadIPPluginJar : add mdma
2025-09-24 14:53:53,623 [INFO] IPUIPlugin:80 - create IPUIPlugin
2025-09-24 14:53:53,624 [INFO] PluginManager:220 - loadIPPluginJar : add nvic
2025-09-24 14:53:53,630 [INFO] IPUIPlugin:80 - create IPUIPlugin
2025-09-24 14:53:53,630 [INFO] PluginManager:220 - loadIPPluginJar : add opamp
2025-09-24 14:53:53,636 [INFO] IPUIPlugin:80 - create IPUIPlugin
2025-09-24 14:53:53,636 [INFO] PluginManager:220 - loadIPPluginJar : add openamp
2025-09-24 14:53:53,642 [INFO] IPUIPlugin:80 - create IPUIPlugin
2025-09-24 14:53:53,642 [INFO] PluginManager:220 - loadIPPluginJar : add pdm2pcm
2025-09-24 14:53:53,652 [INFO] IPUIPlugin:80 - create IPUIPlugin
2025-09-24 14:53:53,657 [INFO] PluginManager:220 - loadIPPluginJar : add plateformsettings
2025-09-24 14:53:53,660 [INFO] IPUIPlugin:80 - create IPUIPlugin
2025-09-24 14:53:53,660 [INFO] PluginManager:220 - loadIPPluginJar : add quadspi
2025-09-24 14:53:53,662 [INFO] IPUIPlugin:80 - create IPUIPlugin
2025-09-24 14:53:53,663 [INFO] PluginManager:220 - loadIPPluginJar : add radio
2025-09-24 14:53:53,668 [INFO] IPUIPlugin:80 - create IPUIPlugin
2025-09-24 14:53:53,669 [INFO] PluginManager:220 - loadIPPluginJar : add resmgrutility
2025-09-24 14:53:53,674 [INFO] IPUIPlugin:80 - create IPUIPlugin
2025-09-24 14:53:53,675 [INFO] PluginManager:220 - loadIPPluginJar : add sai
2025-09-24 14:53:53,679 [INFO] IPUIPlugin:80 - create IPUIPlugin
2025-09-24 14:53:53,679 [INFO] PluginManager:220 - loadIPPluginJar : add spi
2025-09-24 14:53:53,687 [INFO] IPUIPlugin:80 - create IPUIPlugin
2025-09-24 14:53:53,688 [INFO] PluginManager:220 - loadIPPluginJar : add stm32_wpan
2025-09-24 14:53:53,691 [INFO] IPUIPlugin:80 - create IPUIPlugin
2025-09-24 14:53:53,691 [INFO] PluginManager:220 - loadIPPluginJar : add tim
2025-09-24 14:53:53,697 [INFO] IPUIPlugin:80 - create IPUIPlugin
2025-09-24 14:53:53,697 [INFO] PluginManager:220 - loadIPPluginJar : add touchsensing
2025-09-24 14:53:53,702 [INFO] IPUIPlugin:80 - create IPUIPlugin
2025-09-24 14:53:53,702 [INFO] PluginManager:220 - loadIPPluginJar : add tracer_emb
2025-09-24 14:53:53,705 [INFO] IPUIPlugin:80 - create IPUIPlugin
2025-09-24 14:53:53,705 [INFO] PluginManager:220 - loadIPPluginJar : add ts
2025-09-24 14:53:53,708 [INFO] IPUIPlugin:80 - create IPUIPlugin
2025-09-24 14:53:53,708 [INFO] PluginManager:220 - loadIPPluginJar : add tsc
2025-09-24 14:53:53,711 [INFO] IPUIPlugin:80 - create IPUIPlugin
2025-09-24 14:53:53,711 [INFO] PluginManager:220 - loadIPPluginJar : add ucpd
2025-09-24 14:53:53,714 [INFO] IPUIPlugin:80 - create IPUIPlugin
2025-09-24 14:53:53,714 [INFO] PluginManager:220 - loadIPPluginJar : add usart
2025-09-24 14:53:53,720 [INFO] IPUIPlugin:80 - create IPUIPlugin
2025-09-24 14:53:53,720 [INFO] PluginManager:220 - loadIPPluginJar : add usbx
2025-09-24 14:53:53,894 [FATAL] Updater:351 - Updater called before beeing initialized
2025-09-24 14:53:53,952 [INFO] RulesReader:64 - Compatibility file has been processed (317 Rules)
2025-09-24 14:53:53,984 [INFO] RulesReader:64 - Compatibility file has been processed (317 Rules)
2025-09-24 14:53:54,002 [INFO] CADModel:165 - CPN selected for project level
2025-09-24 14:53:54,002 [INFO] CADModel:114 - Register for checkConnection events
2025-09-24 14:53:54,002 [FATAL] Updater:351 - Updater called before beeing initialized
2025-09-24 14:53:54,002 [ERROR] CADModel:125 - Updater not yet initialized, retry later 
2025-09-24 14:53:54,303 [FATAL] Updater:351 - Updater called before beeing initialized
2025-09-24 14:53:54,307 [INFO] CADModel:165 - CPN selected for project level
2025-09-24 14:53:54,308 [INFO] CADModel:114 - Register for checkConnection events
2025-09-24 14:53:54,308 [FATAL] Updater:351 - Updater called before beeing initialized
2025-09-24 14:53:54,308 [ERROR] CADModel:125 - Updater not yet initialized, retry later 
2025-09-24 14:53:54,314 [FATAL] Updater:351 - Updater called before beeing initialized
2025-09-24 14:53:54,526 [FATAL] Updater:351 - Updater called before beeing initialized
2025-09-24 14:53:54,532 [INFO] DbMcusAds:53 - JSON generation date=Tue Jul 08 15:14:23 ICT 2025 (1751962463524)
2025-09-24 14:53:54,532 [FATAL] Updater:351 - Updater called before beeing initialized
2025-09-24 14:53:54,602 [WARN] DetailPanel:346 - Failed to get advertising image, set to default
2025-09-24 14:53:54,762 [FATAL] Updater:351 - Updater called before beeing initialized
2025-09-24 14:53:54,765 [FATAL] Updater:351 - Updater called before beeing initialized
2025-09-24 14:53:54,765 [FATAL] Updater:351 - Updater called before beeing initialized
2025-09-24 14:53:54,766 [WARN] DetailPanel:346 - Failed to get advertising image, set to default
2025-09-24 14:53:54,767 [FATAL] Updater:351 - Updater called before beeing initialized
2025-09-24 14:53:54,855 [ERROR] Updater:1198 - MainUpdater not yet initialized. External WinMGr cannot be set.
2025-09-24 14:53:54,858 [INFO] Updater:1134 - Updater Version found : 6.15.0
2025-09-24 14:53:54,882 [INFO] ApplicationProperties:184 - Using Application install path: C:\ST\STM32CubeIDE_1.18.0\STM32CubeIDE\plugins\com.st.stm32cube.common.mx_6.15.0.202507011659
2025-09-24 14:53:55,203 [INFO] ThirdPartyUpdaterWithRetryManager:70 - Updater plugin not ready yet. [2/15]
2025-09-24 14:53:56,469 [ERROR] LogOutputStream:75 - [STDERR_REDIRECT] Sep 24, 2025 2:53:56 PM java.util.prefs.WindowsPreferences <init>
2025-09-24 14:53:56,472 [ERROR] LogOutputStream:75 - [STDERR_REDIRECT] WARNING: Could not open/create prefs root node Software\JavaSoft\Prefs at root 0xffffffff80000002. Windows RegCreateKeyEx(...) returned error code 5.
2025-09-24 14:53:56,472 [ERROR] LogOutputStream:75 - [STDERR_REDIRECT] 
2025-09-24 14:53:57,104 [INFO] MainUpdater:2872 - connection check result : 10
2025-09-24 14:53:57,106 [INFO] MainUpdater:289 - Updater Check For Update Now.
2025-09-24 14:53:57,106 [INFO] MicroXplorer:498 - Change Database Version : DB.6.0.150
2025-09-24 14:53:57,120 [INFO] McuFinderGlobals:63 - Set McuFinder mode to 2 (CubeIDE integrated)
2025-09-24 14:53:57,122 [INFO] UserAuth:487 - Internet connection configuration mode: 1
2025-09-24 14:53:57,172 [INFO] JxBrowserEngine:152 - Initiate JxBrowser Engine with user profile folder
2025-09-24 14:53:57,434 [INFO] CheckServerUpdateThread:120 - End of CheckServer Thread
2025-09-24 14:53:58,845 [WARN] PackLoader:240 - Cannot read IP mode file for STMicroelectronics.FP-SNS-MOTENVWB1.1.4.0
2025-09-24 14:53:58,870 [WARN] PackLoader:240 - Cannot read IP mode file for STMicroelectronics.X-CUBE-SMBUS.2.1.0
2025-09-24 14:53:58,891 [WARN] PackLoader:240 - Cannot read IP mode file for STMicroelectronics.X-CUBE-WB05N.1.1.0
2025-09-24 14:53:58,895 [INFO] WebApp:169 - Instantiating new browser for Auth
2025-09-24 14:53:58,903 [WARN] PackLoader:240 - Cannot read IP mode file for STMicroelectronics.X-CUBE-ST60.1.0.0
2025-09-24 14:53:59,046 [WARN] PackLoader:240 - Cannot read IP mode file for STMicroelectronics.X-CUBE-AZRTOS-F7.1.1.0
2025-09-24 14:53:59,127 [WARN] PackLoader:240 - Cannot read IP mode file for Infineon.AIROC-Wi-Fi-Bluetooth-STM32.1.7.0
2025-09-24 14:53:59,205 [WARN] PackLoader:240 - Cannot read IP mode file for STMicroelectronics.X-CUBE-AZRTOS-H7.3.4.0
2025-09-24 14:53:59,229 [WARN] PackLoader:240 - Cannot read IP mode file for STMicroelectronics.X-CUBE-DISPLAY.3.0.0
2025-09-24 14:53:59,281 [WARN] PackLoader:240 - Cannot read IP mode file for STMicroelectronics.X-CUBE-NFC10.1.0.0
2025-09-24 14:53:59,315 [WARN] PackLoader:240 - Cannot read IP mode file for STMicroelectronics.X-CUBE-BLEMGR.4.0.0
2025-09-24 14:53:59,336 [WARN] PackLoader:240 - Cannot read IP mode file for emotas.I-CUBE-CANOPEN.1.3.0
2025-09-24 14:53:59,349 [WARN] ConditionMgr:438 - getConditionDescription Invalid condition id : Cortex-A Device cause : null
2025-09-24 14:53:59,378 [WARN] ConditionMgr:1044 - genDependencies : Invalid condition id : Cortex-A Device cause : null
2025-09-24 14:53:59,379 [WARN] ConditionMgr:1044 - genDependencies : Invalid condition id : Cortex-A Device cause : null
2025-09-24 14:53:59,379 [WARN] ConditionMgr:1044 - genDependencies : Invalid condition id : Cortex-A Device cause : null
2025-09-24 14:53:59,391 [WARN] PackLoader:240 - Cannot read IP mode file for STMicroelectronics.X-CUBE-AI.10.0.0
2025-09-24 14:53:59,447 [WARN] PackLoader:240 - Cannot read IP mode file for STMicroelectronics.FP-SNS-STBOX1.2.1.0
2025-09-24 14:53:59,466 [WARN] PackLoader:240 - Cannot read IP mode file for STMicroelectronics.FP-SNS-SMARTAG2.1.2.0
2025-09-24 14:53:59,587 [WARN] PackLoader:240 - Cannot read IP mode file for STMicroelectronics.X-CUBE-MEMS1.11.1.0
2025-09-24 14:53:59,945 [INFO] LogOutputStream:77 - [STDOUT_REDIRECT] 1 : Invalid condition id : UX_CORESTACK_Condition cause : null
2025-09-24 14:53:59,948 [INFO] LogOutputStream:77 - [STDOUT_REDIRECT] 1 : Invalid condition id : UX_CORESTACK_Condition cause : null
2025-09-24 14:53:59,951 [INFO] LogOutputStream:77 - [STDOUT_REDIRECT] 1 : Invalid condition id : UX_CORESTACK_Condition cause : null
2025-09-24 14:53:59,956 [INFO] LogOutputStream:77 - [STDOUT_REDIRECT] 1 : Invalid condition id : UX_CORESTACK_Condition cause : null
2025-09-24 14:53:59,961 [INFO] LogOutputStream:77 - [STDOUT_REDIRECT] 1 : Invalid condition id : UX_CORESTACK_Condition cause : null
2025-09-24 14:53:59,967 [WARN] PackLoader:240 - Cannot read IP mode file for STMicroelectronics.X-CUBE-AZRTOS-WL.2.0.0
2025-09-24 14:53:59,980 [WARN] PackLoader:240 - Cannot read IP mode file for STMicroelectronics.FP-SNS-MOTENV1.5.0.0
2025-09-24 14:54:00,000 [WARN] PackLoader:240 - Cannot read IP mode file for WES.I-CUBE-Cesium.1.3.0
2025-09-24 14:54:00,016 [WARN] PackLoader:240 - Cannot read IP mode file for STMicroelectronics.X-CUBE-BLE2.3.3.0
2025-09-24 14:54:00,037 [WARN] PackLoader:240 - Cannot read IP mode file for STMicroelectronics.X-CUBE-NFC9.1.0.0
2025-09-24 14:54:00,050 [WARN] PackLoader:240 - Cannot read IP mode file for wolfSSL.I-CUBE-wolfMQTT.1.19.2
2025-09-24 14:54:00,067 [WARN] PackLoader:240 - Cannot read IP mode file for STMicroelectronics.X-CUBE-EEPRMA1.5.2.0
2025-09-24 14:54:00,080 [WARN] PackLoader:240 - Cannot read IP mode file for STMicroelectronics.X-CUBE-AI.10.1.0
2025-09-24 14:54:00,170 [WARN] PackLoader:240 - Cannot read IP mode file for STMicroelectronics.X-CUBE-MEMS1.11.2.0
2025-09-24 14:54:00,483 [WARN] PackLoader:240 - Cannot read IP mode file for STMicroelectronics.X-CUBE-AZRTOS-G0.1.1.0
2025-09-24 14:54:00,557 [WARN] PackLoader:240 - Cannot read IP mode file for STMicroelectronics.X-CUBE-SAFEA1.1.2.2
2025-09-24 14:54:00,587 [WARN] PackLoader:240 - Cannot read IP mode file for STMicroelectronics.X-CUBE-NFC4.3.0.0
2025-09-24 14:54:00,606 [WARN] PackLoader:240 - Cannot read IP mode file for EmbeddedOffice.I-CUBE-FS-RTOS.1.0.1
2025-09-24 14:54:00,622 [WARN] PackLoader:240 - Cannot read IP mode file for STMicroelectronics.X-CUBE-WB05N.2.0.0
2025-09-24 14:54:00,639 [WARN] PackLoader:240 - Cannot read IP mode file for wolfSSL.I-CUBE-wolfTPM.3.8.0
2025-09-24 14:54:00,663 [WARN] PackLoader:240 - Cannot read IP mode file for STMicroelectronics.X-CUBE-TCPP.4.2.0
2025-09-24 14:54:00,681 [WARN] PackLoader:240 - Cannot read IP mode file for RealThread.X-CUBE-RT-Thread_Nano.4.1.1
2025-09-24 14:54:00,696 [WARN] PackLoader:240 - Cannot read IP mode file for STMicroelectronics.FP-ATR-SIGFOX1.3.2.0
2025-09-24 14:54:00,710 [WARN] PackLoader:240 - Cannot read IP mode file for STMicroelectronics.X-CUBE-EEPRMA1.5.1.0
2025-09-24 14:54:00,728 [WARN] PackLoader:240 - Cannot read IP mode file for wolfSSL.I-CUBE-wolfSSL.5.7.6
2025-09-24 14:54:00,751 [WARN] PackLoader:240 - Cannot read IP mode file for ITTIA_DB.I-CUBE-ITTIADB.8.9.0
2025-09-24 14:54:00,768 [WARN] PackLoader:240 - Cannot read IP mode file for STMicroelectronics.X-CUBE-ST67W61.1.0.0
2025-09-24 14:54:00,779 [WARN] PackLoader:240 - Cannot read IP mode file for STMicroelectronics.X-CUBE-AI.10.2.0
2025-09-24 14:54:00,869 [WARN] PackLoader:240 - Cannot read IP mode file for SEGGER.I-CUBE-embOS.1.3.1
2025-09-24 14:54:00,890 [INFO] WebApp:463 - Apply proxy settings
2025-09-24 14:54:00,892 [INFO] WebApp:548 - Chromium requires no authentication
2025-09-24 14:54:00,920 [INFO] WebApp:491 - Direct internet connection detected
2025-09-24 14:54:01,021 [WARN] PackLoader:240 - Cannot read IP mode file for STMicroelectronics.X-CUBE-ALGOBUILD.1.4.0
2025-09-24 14:54:01,046 [INFO] WebApp:900 - Register for checkConnection events
2025-09-24 14:54:01,047 [INFO] WebApp:463 - Apply proxy settings
2025-09-24 14:54:01,047 [INFO] WebApp:548 - Chromium requires no authentication
2025-09-24 14:54:01,048 [INFO] WebApp:491 - Direct internet connection detected
2025-09-24 14:54:01,141 [WARN] PackLoader:240 - Cannot read IP mode file for STMicroelectronics.X-CUBE-MEMS1.11.3.0
2025-09-24 14:54:01,380 [WARN] PackLoader:240 - Cannot read IP mode file for STMicroelectronics.X-CUBE-PM33A1.1.0.0
2025-09-24 14:54:01,413 [WARN] PackLoader:240 - Cannot read IP mode file for STMicroelectronics.X-CUBE-AZRTOS-F4.1.1.0
2025-09-24 14:54:01,426 [WARN] PackLoader:240 - Cannot read IP mode file for Avnet-IotConnect.X-CUBE-IoTC-DA16k-PMOD.1.0.0
2025-09-24 14:54:01,436 [WARN] PackLoader:240 - Cannot read IP mode file for STMicroelectronics.X-CUBE-ISPU.2.1.0
2025-09-24 14:54:01,449 [WARN] PackLoader:240 - Cannot read IP mode file for STMicroelectronics.X-CUBE-NFC12.1.0.0
2025-09-24 14:54:01,479 [WARN] PackLoader:240 - Cannot read IP mode file for STMicroelectronics.X-CUBE-AZRTOS-L5.2.0.0
2025-09-24 14:54:01,498 [WARN] PackLoader:240 - Cannot read IP mode file for STMicroelectronics.X-CUBE-NFC6.3.1.0
2025-09-24 14:54:01,512 [WARN] PackLoader:240 - Cannot read IP mode file for STMicroelectronics.X-CUBE-DPower.1.2.0
2025-09-24 14:54:01,526 [WARN] PackLoader:240 - Cannot read IP mode file for STMicroelectronics.X-CUBE-FREERTOS.1.3.1
2025-09-24 14:54:01,537 [WARN] PackLoader:240 - Cannot read IP mode file for STMicroelectronics.X-CUBE-FREERTOS.1.3.0
2025-09-24 14:54:01,548 [WARN] PackLoader:240 - Cannot read IP mode file for STMicroelectronics.X-CUBE-NFC7.1.0.1
2025-09-24 14:54:01,561 [WARN] PackLoader:240 - Cannot read IP mode file for STMicroelectronics.FP-SNS-STAIOTCFT.1.0.0
2025-09-24 14:54:01,571 [WARN] PackLoader:240 - Cannot read IP mode file for STMicroelectronics.X-CUBE-DPower.1.3.0
2025-09-24 14:54:01,600 [INFO] WebApp:225 - Starting web application
2025-09-24 14:54:01,601 [INFO] WebApp:593 - Web application path used C:\ST\STM32CubeIDE_1.18.0\STM32CubeIDE\plugins\com.st.stm32cube.common.mx_6.15.0.202507011659\db\plugins\mcufinder\reactClient1\index.html
2025-09-24 14:54:01,605 [WARN] ConditionMgr:438 - getConditionDescription Invalid condition id : LAN8742 Phy interface Condition cause : null
2025-09-24 14:54:01,607 [WARN] PackLoader:240 - Cannot read IP mode file for STMicroelectronics.X-CUBE-AZRTOS-L4.2.0.0
2025-09-24 14:54:01,611 [WARN] ConditionMgr:1044 - genDependencies : Invalid condition id : LAN8742 Phy interface Condition cause : null
2025-09-24 14:54:01,612 [WARN] ConditionMgr:1044 - genDependencies : Invalid condition id : LAN8742 Phy interface Condition cause : null
2025-09-24 14:54:01,613 [WARN] ConditionMgr:1044 - genDependencies : Invalid condition id : LAN8742 Phy interface Condition cause : null
2025-09-24 14:54:01,632 [WARN] PackLoader:240 - Cannot read IP mode file for STMicroelectronics.X-CUBE-SFXS2LP1.4.0.0
2025-09-24 14:54:01,671 [WARN] PackLoader:240 - Cannot read IP mode file for STMicroelectronics.X-CUBE-AZRTOS-H7.3.3.0
2025-09-24 14:54:01,694 [WARN] PackLoader:240 - Cannot read IP mode file for STMicroelectronics.X-CUBE-BLEMGR.4.1.0
2025-09-24 14:54:01,725 [WARN] ConditionMgr:438 - getConditionDescription Invalid condition id : UX DEVICE CLASS RTOS Condition cause : null
2025-09-24 14:54:01,725 [WARN] ConditionMgr:438 - getConditionDescription Invalid condition id : UX DEVICE CLASS RTOS Condition cause : null
2025-09-24 14:54:01,729 [WARN] PackLoader:240 - Cannot read IP mode file for STMicroelectronics.X-CUBE-AZRTOS-WB.2.0.0
2025-09-24 14:54:01,730 [WARN] ConditionMgr:1044 - genDependencies : Invalid condition id : UX DEVICE CLASS RTOS Condition cause : null
2025-09-24 14:54:01,730 [WARN] ConditionMgr:1044 - genDependencies : Invalid condition id : UX DEVICE CLASS RTOS Condition cause : null
2025-09-24 14:54:01,731 [WARN] ConditionMgr:1044 - genDependencies : Invalid condition id : UX DEVICE CLASS RTOS Condition cause : null
2025-09-24 14:54:01,731 [WARN] ConditionMgr:1044 - genDependencies : Invalid condition id : UX DEVICE CLASS RTOS Condition cause : null
2025-09-24 14:54:01,731 [WARN] ConditionMgr:1044 - genDependencies : Invalid condition id : UX DEVICE CLASS RTOS Condition cause : null
2025-09-24 14:54:01,744 [WARN] PackLoader:240 - Cannot read IP mode file for STMicroelectronics.X-CUBE-GNSS1.7.0.1
2025-09-24 14:54:01,757 [WARN] PackLoader:240 - Cannot read IP mode file for STMicroelectronics.FP-SNS-STBOX1.2.0.0
2025-09-24 14:54:01,792 [WARN] PackLoader:240 - Cannot read IP mode file for STMicroelectronics.X-CUBE-SUBG2.5.0.0
2025-09-24 14:54:01,838 [WARN] PackLoader:240 - Cannot read IP mode file for STMicroelectronics.X-CUBE-AZRTOS-H7RS.1.1.0
2025-09-24 14:54:01,850 [INFO] UserAuth:487 - Internet connection configuration mode: 1
2025-09-24 14:54:01,857 [WARN] PackLoader:240 - Cannot read IP mode file for Cesanta.I-CUBE-Mongoose.7.13.0
2025-09-24 14:54:01,889 [WARN] PackLoader:240 - Cannot read IP mode file for STMicroelectronics.X-CUBE-AZRTOS-G4.2.0.0
2025-09-24 14:54:01,901 [WARN] PackLoader:240 - Cannot read IP mode file for wolfSSL.I-CUBE-wolfSSH.1.4.20
2025-09-24 14:54:01,909 [WARN] PackLoader:240 - Cannot read IP mode file for STMicroelectronics.X-CUBE-NFC7.2.0.0
2025-09-24 14:54:01,933 [WARN] PackLoader:240 - Cannot read IP mode file for STMicroelectronics.X-CUBE-IPS.3.1.0
2025-09-24 14:54:01,949 [WARN] PackLoader:240 - Cannot read IP mode file for STMicroelectronics.X-CUBE-ALS.1.0.2
2025-09-24 14:54:01,964 [WARN] PackLoader:240 - Cannot read IP mode file for STMicroelectronics.X-CUBE-STSE01.1.0.0
2025-09-24 14:54:01,975 [WARN] PackLoader:240 - Cannot read IP mode file for portGmbH.I-Cube-SoM-uGOAL.1.1.0
2025-09-24 14:54:01,996 [WARN] PackLoader:240 - Cannot read IP mode file for STMicroelectronics.X-CUBE-TOF1.3.4.2
2025-09-24 14:54:02,024 [WARN] PackLoader:240 - Cannot read IP mode file for STMicroelectronics.X-CUBE-TOF1.3.4.3
2025-09-24 14:54:02,041 [INFO] ThirdParty:978 - Integrity check success = true
2025-09-24 14:54:02,042 [INFO] IntegrityCheckThread:100 - exiting critical section [integrity check]
2025-09-24 14:54:02,042 [INFO] IntegrityCheckThread:103 - End integrity checks thread
2025-09-24 14:54:03,030 [INFO] WebApp:191 - Connection restablished
2025-09-24 15:03:07,760 [ERROR] LogOutputStream:75 - [STDERR_REDIRECT] 
2025-09-24 15:06:01,377 [INFO] Activator:176 - 


2025-09-24 15:06:01,380 [INFO] Activator:177 - !SESSION log4j initialized
2025-09-24 15:06:07,881 [INFO] LogOutputStream:77 - [STDOUT_REDIRECT] 
2025-09-24 15:06:10,540 [INFO] ApplicationProperties:184 - Using Application install path: C:\ST\STM32CubeIDE_1.18.0\STM32CubeIDE\plugins\com.st.stm32cube.common.mx_6.15.0.202507011659
2025-09-24 15:06:10,557 [INFO] DbMcusXml:78 - Set database path to: C:\ST\STM32CubeIDE_1.18.0\STM32CubeIDE\plugins\com.st.stm32cube.common.mx_6.15.0.202507011659\\db\/mcu/
2025-09-24 15:06:10,558 [INFO] ApiDb:274 - Set plugin database path to: C:\ST\STM32CubeIDE_1.18.0\STM32CubeIDE\plugins\com.st.stm32cube.common.mx_6.15.0.202507011659\\db\/plugins/boardmanager/
2025-09-24 15:06:10,558 [WARN] ApiDb:259 - Overriding images path with different value:  => C:\ST\STM32CubeIDE_1.18.0\STM32CubeIDE\plugins\com.st.stm32cube.common.mx_6.15.0.202507011659\\db\/plugins/mcufinder/images/
2025-09-24 15:06:10,564 [INFO] ApiDb:250 - Set database path to: C:\Users\khanh\.stmcufinder\plugins\mcufinder//mcu/
2025-09-24 15:06:10,565 [INFO] DbMcusAds:125 - Set database path to: C:\Users\khanh\.stmcufinder\plugins\mcufinder//mcu/
2025-09-24 15:06:10,567 [INFO] CrossReferenceDbSqlite:203 - Set database path to: C:\Users\khanh\.stmcufinder\plugins\mcufinder//mcu/cs/
2025-09-24 15:06:10,678 [INFO] RulesReader:64 - Compatibility file has been processed (317 Rules)
2025-09-24 15:06:10,759 [INFO] DbMcusXml:78 - Set database path to: C:\ST\STM32CubeIDE_1.18.0\STM32CubeIDE\plugins\com.st.stm32cube.common.mx_6.15.0.202507011659\\db\/mcu/
2025-09-24 15:06:10,759 [INFO] ApiDb:274 - Set plugin database path to: C:\ST\STM32CubeIDE_1.18.0\STM32CubeIDE\plugins\com.st.stm32cube.common.mx_6.15.0.202507011659\\db\/plugins/boardmanager/
2025-09-24 15:06:10,760 [INFO] ApiDb:261 - Set plugin images path to: C:\ST\STM32CubeIDE_1.18.0\STM32CubeIDE\plugins\com.st.stm32cube.common.mx_6.15.0.202507011659\\db\/plugins/mcufinder/images/
2025-09-24 15:06:10,760 [WARN] DbFile:41 - Overriding database path with different value: C:\Users\khanh\.stmcufinder\plugins\mcufinder/ => C:\Users\khanh\.stmcufinder\plugins\mcufinder
2025-09-24 15:06:10,760 [INFO] ApiDb:250 - Set database path to: C:\Users\khanh\.stmcufinder\plugins\mcufinder//mcu/
2025-09-24 15:06:10,760 [WARN] DbFile:41 - Overriding database path with different value: C:\Users\khanh\.stmcufinder\plugins\mcufinder/ => C:\Users\khanh\.stmcufinder\plugins\mcufinder
2025-09-24 15:06:10,760 [INFO] DbMcusAds:125 - Set database path to: C:\Users\khanh\.stmcufinder\plugins\mcufinder//mcu/
2025-09-24 15:06:10,760 [WARN] DbFile:41 - Overriding database path with different value: C:\Users\khanh\.stmcufinder\plugins\mcufinder/ => C:\Users\khanh\.stmcufinder\plugins\mcufinder
2025-09-24 15:06:10,760 [WARN] DbFile:41 - Overriding database path with different value: C:\Users\khanh\.stmcufinder\plugins\mcufinder/ => C:\Users\khanh\.stmcufinder\plugins\mcufinder
2025-09-24 15:06:10,760 [INFO] CrossReferenceDbSqlite:203 - Set database path to: C:\Users\khanh\.stmcufinder\plugins\mcufinder//mcu/cs/
2025-09-24 15:06:10,836 [INFO] MainPanel:274 - HeapMemory: 268435456
2025-09-24 15:06:10,982 [INFO] DbMcusXml:78 - Set database path to: C:\ST\STM32CubeIDE_1.18.0\STM32CubeIDE\plugins\com.st.stm32cube.common.mx_6.15.0.202507011659\\db\/mcu/
2025-09-24 15:06:10,982 [INFO] ApiDb:274 - Set plugin database path to: C:\ST\STM32CubeIDE_1.18.0\STM32CubeIDE\plugins\com.st.stm32cube.common.mx_6.15.0.202507011659\\db\/plugins/boardmanager/
2025-09-24 15:06:10,982 [INFO] ApiDb:261 - Set plugin images path to: C:\ST\STM32CubeIDE_1.18.0\STM32CubeIDE\plugins\com.st.stm32cube.common.mx_6.15.0.202507011659\\db\/plugins/mcufinder/images/
2025-09-24 15:06:10,983 [WARN] DbFile:41 - Overriding database path with different value: C:\Users\khanh\.stmcufinder\plugins\mcufinder/ => C:\Users\khanh\.stmcufinder\plugins\mcufinder
2025-09-24 15:06:10,983 [INFO] ApiDb:250 - Set database path to: C:\Users\khanh\.stmcufinder\plugins\mcufinder//mcu/
2025-09-24 15:06:10,983 [WARN] DbFile:41 - Overriding database path with different value: C:\Users\khanh\.stmcufinder\plugins\mcufinder/ => C:\Users\khanh\.stmcufinder\plugins\mcufinder
2025-09-24 15:06:10,983 [INFO] DbMcusAds:125 - Set database path to: C:\Users\khanh\.stmcufinder\plugins\mcufinder//mcu/
2025-09-24 15:06:10,983 [WARN] DbFile:41 - Overriding database path with different value: C:\Users\khanh\.stmcufinder\plugins\mcufinder/ => C:\Users\khanh\.stmcufinder\plugins\mcufinder
2025-09-24 15:06:10,983 [WARN] DbFile:41 - Overriding database path with different value: C:\Users\khanh\.stmcufinder\plugins\mcufinder/ => C:\Users\khanh\.stmcufinder\plugins\mcufinder
2025-09-24 15:06:10,984 [INFO] CrossReferenceDbSqlite:203 - Set database path to: C:\Users\khanh\.stmcufinder\plugins\mcufinder//mcu/cs/
2025-09-24 15:06:11,011 [INFO] ApplicationProperties:184 - Using Application install path: C:\ST\STM32CubeIDE_1.18.0\STM32CubeIDE\plugins\com.st.stm32cube.common.mx_6.15.0.202507011659
2025-09-24 15:06:11,013 [INFO] PluginManage:196 - Search for loadable plugins [exclusion list=, ]
2025-09-24 15:06:11,015 [INFO] PluginManage:310 - Check plugin analytics
2025-09-24 15:06:11,307 [INFO] AnalyticsPlugin:253 - Accepted Software Licenses: STM32CubeMX.6.14.0
2025-09-24 15:06:11,308 [INFO] AnalyticsPlugin:255 - Accepted CMSIS Pack Licenses: 
2025-09-24 15:06:11,308 [INFO] AnalyticsPlugin:257 - Accepted Firmware Licenses: 
2025-09-24 15:06:11,311 [INFO] PluginManage:359 - Loaded plugin analytics (category:tool,tabindex:-1)
2025-09-24 15:06:11,311 [INFO] PluginManage:310 - Check plugin cadmodel
2025-09-24 15:06:11,316 [INFO] CADModel:105 - Init CAD model plugin
2025-09-24 15:06:11,317 [INFO] PluginManage:359 - Loaded plugin cadmodel (category:power,tabindex:5)
2025-09-24 15:06:11,317 [INFO] PluginManage:310 - Check plugin clock
2025-09-24 15:06:11,331 [INFO] PluginManage:359 - Loaded plugin clock (category:base,tabindex:2)
2025-09-24 15:06:11,331 [INFO] PluginManage:310 - Check plugin ddr
2025-09-24 15:06:11,333 [INFO] PluginManage:359 - Loaded plugin ddr (category:tool,tabindex:6)
2025-09-24 15:06:11,334 [INFO] PluginManage:310 - Check plugin filemanager
2025-09-24 15:06:11,575 [INFO] PluginManage:359 - Loaded plugin filemanager (category:base,tabindex:10)
2025-09-24 15:06:11,575 [INFO] PluginManage:310 - Check plugin ipmanager
2025-09-24 15:06:11,588 [INFO] PluginManage:359 - Loaded plugin ipmanager (category:base,tabindex:5)
2025-09-24 15:06:11,588 [INFO] PluginManage:310 - Check plugin lpbam
2025-09-24 15:06:11,603 [INFO] PluginManage:359 - Loaded plugin lpbam (category:base,tabindex:0)
2025-09-24 15:06:11,603 [INFO] PluginManage:310 - Check plugin memorymap
2025-09-24 15:06:11,627 [INFO] PluginManage:359 - Loaded plugin memorymap (category:base,tabindex:4)
2025-09-24 15:06:11,627 [INFO] PluginManage:310 - Check plugin pinoutandconfiguration
2025-09-24 15:06:11,641 [INFO] PluginManage:359 - Loaded plugin pinoutandconfiguration (category:base,tabindex:1)
2025-09-24 15:06:11,641 [INFO] PluginManage:310 - Check plugin pinoutconfig
2025-09-24 15:06:11,841 [WARN] SupportedApi:132 - Cannot load RTOS API schema: s4s-elt-must-match.1: The content of 'definitions' must match (annotation?, (simpleType | complexType)?, (unique | key | keyref)*)). A problem was found starting at: attribute.
2025-09-24 15:06:12,091 [INFO] PluginManage:359 - Loaded plugin pinoutconfig (category:base,tabindex:0)
2025-09-24 15:06:12,092 [INFO] PluginManage:310 - Check plugin power
2025-09-24 15:06:12,103 [INFO] PluginManage:359 - Loaded plugin power (category:power,tabindex:4)
2025-09-24 15:06:12,103 [INFO] PluginManage:310 - Check plugin projectmanager
2025-09-24 15:06:12,127 [INFO] PluginManage:359 - Loaded plugin projectmanager (category:projectmanager,tabindex:4)
2025-09-24 15:06:12,127 [INFO] PluginManage:310 - Check plugin rif
2025-09-24 15:06:12,140 [INFO] PluginManage:359 - Loaded plugin rif (category:base,tabindex:3)
2025-09-24 15:06:12,141 [INFO] PluginManage:310 - Check plugin thirdparty
2025-09-24 15:06:12,367 [INFO] PluginManage:359 - Loaded plugin thirdparty (category:base,tabindex:-1)
2025-09-24 15:06:12,367 [WARN] IntegrityCheckThread:84 - waiting for thirdparty lock release [integrity check]
2025-09-24 15:06:12,367 [INFO] PluginManage:310 - Check plugin tools
2025-09-24 15:06:12,367 [INFO] IntegrityCheckThread:86 - entering critical section [integrity check]
2025-09-24 15:06:12,369 [INFO] ThirdPartyUpdaterWithRetryManager:70 - Updater plugin not ready yet. [1/15]
2025-09-24 15:06:12,373 [INFO] PluginManage:359 - Loaded plugin tools (category:base,tabindex:7)
2025-09-24 15:06:12,374 [INFO] PluginManage:310 - Check plugin tutovideos
2025-09-24 15:06:12,702 [INFO] PluginManage:359 - Loaded plugin tutovideos (category:base,tabindex:-1)
2025-09-24 15:06:12,703 [INFO] PluginManage:310 - Check plugin updater
2025-09-24 15:06:12,728 [INFO] PluginManage:359 - Loaded plugin updater (category:base,tabindex:12)
2025-09-24 15:06:12,728 [INFO] PluginManage:310 - Check plugin userauth
2025-09-24 15:06:12,735 [INFO] UserAuth:118 - Init User Auth plugin
2025-09-24 15:06:12,737 [INFO] PluginManage:359 - Loaded plugin userauth (category:base,tabindex:14)
2025-09-24 15:06:12,738 [INFO] PluginManage:283 - PluginManage : Loaded plugins [18]
2025-09-24 15:06:13,163 [INFO] PinOutPanel:1589 - setPackage(No Configuration,No Configuration)
2025-09-24 15:06:13,292 [INFO] CADModel:165 - CPN selected for project level
2025-09-24 15:06:13,292 [INFO] CADModel:114 - Register for checkConnection events
2025-09-24 15:06:13,312 [INFO] IPUIPlugin:80 - create IPUIPlugin
2025-09-24 15:06:13,312 [INFO] PluginManager:220 - loadIPPluginJar : add adc
2025-09-24 15:06:13,316 [INFO] IPUIPlugin:80 - create IPUIPlugin
2025-09-24 15:06:13,316 [INFO] PluginManager:220 - loadIPPluginJar : add aes
2025-09-24 15:06:13,321 [INFO] IPUIPlugin:80 - create IPUIPlugin
2025-09-24 15:06:13,321 [INFO] PluginManager:220 - loadIPPluginJar : add can
2025-09-24 15:06:13,324 [INFO] IPUIPlugin:80 - create IPUIPlugin
2025-09-24 15:06:13,324 [INFO] PluginManager:220 - loadIPPluginJar : add comp
2025-09-24 15:06:13,327 [INFO] IPUIPlugin:80 - create IPUIPlugin
2025-09-24 15:06:13,329 [INFO] PluginManager:220 - loadIPPluginJar : add cryp
2025-09-24 15:06:13,332 [INFO] IPUIPlugin:80 - create IPUIPlugin
2025-09-24 15:06:13,332 [INFO] PluginManager:220 - loadIPPluginJar : add ddr_ctrl_phy
2025-09-24 15:06:13,337 [INFO] IPUIPlugin:80 - create IPUIPlugin
2025-09-24 15:06:13,337 [INFO] PluginManager:220 - loadIPPluginJar : add dfsdm
2025-09-24 15:06:13,344 [INFO] IPUIPlugin:80 - create IPUIPlugin
2025-09-24 15:06:13,345 [INFO] PluginManager:220 - loadIPPluginJar : add dma
2025-09-24 15:06:13,349 [INFO] IPUIPlugin:80 - create IPUIPlugin
2025-09-24 15:06:13,349 [INFO] PluginManager:220 - loadIPPluginJar : add dma3
2025-09-24 15:06:13,354 [INFO] IPUIPlugin:80 - create IPUIPlugin
2025-09-24 15:06:13,354 [INFO] PluginManager:220 - loadIPPluginJar : add extmemmanager
2025-09-24 15:06:13,357 [INFO] IPUIPlugin:80 - create IPUIPlugin
2025-09-24 15:06:13,357 [INFO] PluginManager:220 - loadIPPluginJar : add fatfs
2025-09-24 15:06:13,363 [INFO] IPUIPlugin:80 - create IPUIPlugin
2025-09-24 15:06:13,363 [INFO] PluginManager:220 - loadIPPluginJar : add fmc
2025-09-24 15:06:13,369 [INFO] IPUIPlugin:80 - create IPUIPlugin
2025-09-24 15:06:13,369 [INFO] PluginManager:220 - loadIPPluginJar : add freertos
2025-09-24 15:06:13,371 [INFO] IPUIPlugin:80 - create IPUIPlugin
2025-09-24 15:06:13,372 [INFO] PluginManager:220 - loadIPPluginJar : add genericplugin
2025-09-24 15:06:13,375 [INFO] IPUIPlugin:80 - create IPUIPlugin
2025-09-24 15:06:13,375 [INFO] PluginManager:220 - loadIPPluginJar : add gfxmmu
2025-09-24 15:06:13,381 [INFO] IPUIPlugin:80 - create IPUIPlugin
2025-09-24 15:06:13,382 [INFO] PluginManager:220 - loadIPPluginJar : add gic
2025-09-24 15:06:13,387 [INFO] IPUIPlugin:80 - create IPUIPlugin
2025-09-24 15:06:13,388 [INFO] PluginManager:220 - loadIPPluginJar : add gpio
2025-09-24 15:06:13,391 [INFO] IPUIPlugin:80 - create IPUIPlugin
2025-09-24 15:06:13,391 [INFO] PluginManager:220 - loadIPPluginJar : add gtzc
2025-09-24 15:06:13,394 [INFO] IPUIPlugin:80 - create IPUIPlugin
2025-09-24 15:06:13,396 [INFO] PluginManager:220 - loadIPPluginJar : add hash
2025-09-24 15:06:13,398 [INFO] IPUIPlugin:80 - create IPUIPlugin
2025-09-24 15:06:13,398 [INFO] PluginManager:220 - loadIPPluginJar : add i2c
2025-09-24 15:06:13,401 [INFO] IPUIPlugin:80 - create IPUIPlugin
2025-09-24 15:06:13,402 [INFO] PluginManager:220 - loadIPPluginJar : add i2s
2025-09-24 15:06:13,405 [INFO] IPUIPlugin:80 - create IPUIPlugin
2025-09-24 15:06:13,406 [INFO] PluginManager:220 - loadIPPluginJar : add i3c
2025-09-24 15:06:13,409 [INFO] IPUIPlugin:80 - create IPUIPlugin
2025-09-24 15:06:13,410 [INFO] PluginManager:220 - loadIPPluginJar : add ipddr
2025-09-24 15:06:13,417 [INFO] IPUIPlugin:80 - create IPUIPlugin
2025-09-24 15:06:13,417 [INFO] PluginManager:220 - loadIPPluginJar : add linkedlist
2025-09-24 15:06:13,421 [INFO] IPUIPlugin:80 - create IPUIPlugin
2025-09-24 15:06:13,421 [INFO] PluginManager:220 - loadIPPluginJar : add lorawan
2025-09-24 15:06:13,424 [INFO] IPUIPlugin:80 - create IPUIPlugin
2025-09-24 15:06:13,425 [INFO] PluginManager:220 - loadIPPluginJar : add ltdc
2025-09-24 15:06:13,430 [INFO] IPUIPlugin:80 - create IPUIPlugin
2025-09-24 15:06:13,430 [INFO] PluginManager:220 - loadIPPluginJar : add mdma
2025-09-24 15:06:13,434 [INFO] IPUIPlugin:80 - create IPUIPlugin
2025-09-24 15:06:13,436 [INFO] PluginManager:220 - loadIPPluginJar : add nvic
2025-09-24 15:06:13,439 [INFO] IPUIPlugin:80 - create IPUIPlugin
2025-09-24 15:06:13,440 [INFO] PluginManager:220 - loadIPPluginJar : add opamp
2025-09-24 15:06:13,444 [INFO] IPUIPlugin:80 - create IPUIPlugin
2025-09-24 15:06:13,444 [INFO] PluginManager:220 - loadIPPluginJar : add openamp
2025-09-24 15:06:13,448 [INFO] IPUIPlugin:80 - create IPUIPlugin
2025-09-24 15:06:13,448 [INFO] PluginManager:220 - loadIPPluginJar : add pdm2pcm
2025-09-24 15:06:13,455 [INFO] IPUIPlugin:80 - create IPUIPlugin
2025-09-24 15:06:13,461 [INFO] PluginManager:220 - loadIPPluginJar : add plateformsettings
2025-09-24 15:06:13,463 [INFO] IPUIPlugin:80 - create IPUIPlugin
2025-09-24 15:06:13,464 [INFO] PluginManager:220 - loadIPPluginJar : add quadspi
2025-09-24 15:06:13,466 [INFO] IPUIPlugin:80 - create IPUIPlugin
2025-09-24 15:06:13,467 [INFO] PluginManager:220 - loadIPPluginJar : add radio
2025-09-24 15:06:13,471 [INFO] IPUIPlugin:80 - create IPUIPlugin
2025-09-24 15:06:13,471 [INFO] PluginManager:220 - loadIPPluginJar : add resmgrutility
2025-09-24 15:06:13,475 [INFO] IPUIPlugin:80 - create IPUIPlugin
2025-09-24 15:06:13,476 [INFO] PluginManager:220 - loadIPPluginJar : add sai
2025-09-24 15:06:13,479 [INFO] IPUIPlugin:80 - create IPUIPlugin
2025-09-24 15:06:13,480 [INFO] PluginManager:220 - loadIPPluginJar : add spi
2025-09-24 15:06:13,486 [INFO] IPUIPlugin:80 - create IPUIPlugin
2025-09-24 15:06:13,486 [INFO] PluginManager:220 - loadIPPluginJar : add stm32_wpan
2025-09-24 15:06:13,490 [INFO] IPUIPlugin:80 - create IPUIPlugin
2025-09-24 15:06:13,490 [INFO] PluginManager:220 - loadIPPluginJar : add tim
2025-09-24 15:06:13,495 [INFO] IPUIPlugin:80 - create IPUIPlugin
2025-09-24 15:06:13,496 [INFO] PluginManager:220 - loadIPPluginJar : add touchsensing
2025-09-24 15:06:13,498 [INFO] IPUIPlugin:80 - create IPUIPlugin
2025-09-24 15:06:13,498 [INFO] PluginManager:220 - loadIPPluginJar : add tracer_emb
2025-09-24 15:06:13,501 [INFO] IPUIPlugin:80 - create IPUIPlugin
2025-09-24 15:06:13,501 [INFO] PluginManager:220 - loadIPPluginJar : add ts
2025-09-24 15:06:13,504 [INFO] IPUIPlugin:80 - create IPUIPlugin
2025-09-24 15:06:13,504 [INFO] PluginManager:220 - loadIPPluginJar : add tsc
2025-09-24 15:06:13,508 [INFO] IPUIPlugin:80 - create IPUIPlugin
2025-09-24 15:06:13,508 [INFO] PluginManager:220 - loadIPPluginJar : add ucpd
2025-09-24 15:06:13,512 [INFO] IPUIPlugin:80 - create IPUIPlugin
2025-09-24 15:06:13,512 [INFO] PluginManager:220 - loadIPPluginJar : add usart
2025-09-24 15:06:13,517 [INFO] IPUIPlugin:80 - create IPUIPlugin
2025-09-24 15:06:13,519 [INFO] PluginManager:220 - loadIPPluginJar : add usbx
2025-09-24 15:06:13,672 [FATAL] Updater:351 - Updater called before beeing initialized
2025-09-24 15:06:13,717 [INFO] RulesReader:64 - Compatibility file has been processed (317 Rules)
2025-09-24 15:06:13,731 [INFO] RulesReader:64 - Compatibility file has been processed (317 Rules)
2025-09-24 15:06:13,742 [INFO] CADModel:165 - CPN selected for project level
2025-09-24 15:06:13,742 [INFO] CADModel:114 - Register for checkConnection events
2025-09-24 15:06:13,742 [FATAL] Updater:351 - Updater called before beeing initialized
2025-09-24 15:06:13,742 [ERROR] CADModel:125 - Updater not yet initialized, retry later 
2025-09-24 15:06:13,905 [FATAL] Updater:351 - Updater called before beeing initialized
2025-09-24 15:06:13,907 [INFO] CADModel:165 - CPN selected for project level
2025-09-24 15:06:13,907 [INFO] CADModel:114 - Register for checkConnection events
2025-09-24 15:06:13,907 [FATAL] Updater:351 - Updater called before beeing initialized
2025-09-24 15:06:13,907 [ERROR] CADModel:125 - Updater not yet initialized, retry later 
2025-09-24 15:06:13,910 [FATAL] Updater:351 - Updater called before beeing initialized
2025-09-24 15:06:14,036 [FATAL] Updater:351 - Updater called before beeing initialized
2025-09-24 15:06:14,042 [INFO] DbMcusAds:53 - JSON generation date=Tue Jul 08 15:14:23 ICT 2025 (1751962463524)
2025-09-24 15:06:14,043 [FATAL] Updater:351 - Updater called before beeing initialized
2025-09-24 15:06:14,073 [WARN] DetailPanel:346 - Failed to get advertising image, set to default
2025-09-24 15:06:14,155 [FATAL] Updater:351 - Updater called before beeing initialized
2025-09-24 15:06:14,157 [FATAL] Updater:351 - Updater called before beeing initialized
2025-09-24 15:06:14,157 [FATAL] Updater:351 - Updater called before beeing initialized
2025-09-24 15:06:14,157 [WARN] DetailPanel:346 - Failed to get advertising image, set to default
2025-09-24 15:06:14,159 [FATAL] Updater:351 - Updater called before beeing initialized
2025-09-24 15:06:14,214 [ERROR] Updater:1198 - MainUpdater not yet initialized. External WinMGr cannot be set.
2025-09-24 15:06:14,216 [INFO] Updater:1134 - Updater Version found : 6.15.0
2025-09-24 15:06:14,234 [INFO] ApplicationProperties:184 - Using Application install path: C:\ST\STM32CubeIDE_1.18.0\STM32CubeIDE\plugins\com.st.stm32cube.common.mx_6.15.0.202507011659
2025-09-24 15:06:15,370 [INFO] ThirdPartyUpdaterWithRetryManager:70 - Updater plugin not ready yet. [2/15]
2025-09-24 15:06:15,808 [ERROR] LogOutputStream:75 - [STDERR_REDIRECT] Sep 24, 2025 3:06:15 PM java.util.prefs.WindowsPreferences <init>
2025-09-24 15:06:15,809 [ERROR] LogOutputStream:75 - [STDERR_REDIRECT] WARNING: Could not open/create prefs root node Software\JavaSoft\Prefs at root 0xffffffff80000002. Windows RegCreateKeyEx(...) returned error code 5.
2025-09-24 15:06:15,809 [ERROR] LogOutputStream:75 - [STDERR_REDIRECT] 
2025-09-24 15:06:16,097 [INFO] MainUpdater:2872 - connection check result : 10
2025-09-24 15:06:16,098 [INFO] MainUpdater:289 - Updater Check For Update Now.
2025-09-24 15:06:16,098 [INFO] MicroXplorer:498 - Change Database Version : DB.6.0.150
2025-09-24 15:06:16,105 [INFO] McuFinderGlobals:63 - Set McuFinder mode to 2 (CubeIDE integrated)
2025-09-24 15:06:16,106 [INFO] UserAuth:487 - Internet connection configuration mode: 1
2025-09-24 15:06:16,130 [INFO] JxBrowserEngine:152 - Initiate JxBrowser Engine with user profile folder
2025-09-24 15:06:16,294 [INFO] CheckServerUpdateThread:120 - End of CheckServer Thread
2025-09-24 15:06:16,806 [INFO] WebApp:169 - Instantiating new browser for Auth
2025-09-24 15:06:17,542 [INFO] WebApp:463 - Apply proxy settings
2025-09-24 15:06:17,543 [INFO] WebApp:548 - Chromium requires no authentication
2025-09-24 15:06:17,554 [INFO] WebApp:491 - Direct internet connection detected
2025-09-24 15:06:17,574 [INFO] WebApp:900 - Register for checkConnection events
2025-09-24 15:06:17,574 [INFO] WebApp:463 - Apply proxy settings
2025-09-24 15:06:17,574 [INFO] WebApp:548 - Chromium requires no authentication
2025-09-24 15:06:17,575 [INFO] WebApp:491 - Direct internet connection detected
2025-09-24 15:06:17,753 [INFO] WebApp:225 - Starting web application
2025-09-24 15:06:17,754 [INFO] WebApp:593 - Web application path used C:\ST\STM32CubeIDE_1.18.0\STM32CubeIDE\plugins\com.st.stm32cube.common.mx_6.15.0.202507011659\db\plugins\mcufinder\reactClient1\index.html
2025-09-24 15:06:17,922 [INFO] UserAuth:487 - Internet connection configuration mode: 1
2025-09-24 15:06:18,350 [INFO] WebApp:191 - Connection restablished
2025-09-24 15:06:18,746 [WARN] PackLoader:240 - Cannot read IP mode file for STMicroelectronics.FP-SNS-MOTENVWB1.1.4.0
2025-09-24 15:06:18,772 [WARN] PackLoader:240 - Cannot read IP mode file for STMicroelectronics.X-CUBE-SMBUS.2.1.0
2025-09-24 15:06:18,792 [WARN] PackLoader:240 - Cannot read IP mode file for STMicroelectronics.X-CUBE-WB05N.1.1.0
2025-09-24 15:06:18,803 [WARN] PackLoader:240 - Cannot read IP mode file for STMicroelectronics.X-CUBE-ST60.1.0.0
2025-09-24 15:06:18,845 [WARN] PackLoader:240 - Cannot read IP mode file for STMicroelectronics.X-CUBE-AZRTOS-F7.1.1.0
2025-09-24 15:06:18,889 [WARN] PackLoader:240 - Cannot read IP mode file for Infineon.AIROC-Wi-Fi-Bluetooth-STM32.1.7.0
2025-09-24 15:06:18,936 [WARN] PackLoader:240 - Cannot read IP mode file for STMicroelectronics.X-CUBE-AZRTOS-H7.3.4.0
2025-09-24 15:06:18,949 [WARN] PackLoader:240 - Cannot read IP mode file for STMicroelectronics.X-CUBE-DISPLAY.3.0.0
2025-09-24 15:06:18,963 [WARN] PackLoader:240 - Cannot read IP mode file for STMicroelectronics.X-CUBE-NFC10.1.0.0
2025-09-24 15:06:18,976 [WARN] PackLoader:240 - Cannot read IP mode file for STMicroelectronics.X-CUBE-BLEMGR.4.0.0
2025-09-24 15:06:18,991 [WARN] PackLoader:240 - Cannot read IP mode file for emotas.I-CUBE-CANOPEN.1.3.0
2025-09-24 15:06:18,999 [WARN] ConditionMgr:438 - getConditionDescription Invalid condition id : Cortex-A Device cause : null
2025-09-24 15:06:19,024 [WARN] ConditionMgr:1044 - genDependencies : Invalid condition id : Cortex-A Device cause : null
2025-09-24 15:06:19,025 [WARN] ConditionMgr:1044 - genDependencies : Invalid condition id : Cortex-A Device cause : null
2025-09-24 15:06:19,025 [WARN] ConditionMgr:1044 - genDependencies : Invalid condition id : Cortex-A Device cause : null
2025-09-24 15:06:19,047 [WARN] PackLoader:240 - Cannot read IP mode file for STMicroelectronics.X-CUBE-AI.10.0.0
2025-09-24 15:06:19,060 [WARN] PackLoader:240 - Cannot read IP mode file for STMicroelectronics.FP-SNS-STBOX1.2.1.0
2025-09-24 15:06:19,073 [WARN] PackLoader:240 - Cannot read IP mode file for STMicroelectronics.FP-SNS-SMARTAG2.1.2.0
2025-09-24 15:06:19,164 [WARN] PackLoader:240 - Cannot read IP mode file for STMicroelectronics.X-CUBE-MEMS1.11.1.0
2025-09-24 15:06:19,372 [INFO] LogOutputStream:77 - [STDOUT_REDIRECT] 1 : Invalid condition id : UX_CORESTACK_Condition cause : null
2025-09-24 15:06:19,374 [INFO] LogOutputStream:77 - [STDOUT_REDIRECT] 1 : Invalid condition id : UX_CORESTACK_Condition cause : null
2025-09-24 15:06:19,377 [INFO] LogOutputStream:77 - [STDOUT_REDIRECT] 1 : Invalid condition id : UX_CORESTACK_Condition cause : null
2025-09-24 15:06:19,380 [INFO] LogOutputStream:77 - [STDOUT_REDIRECT] 1 : Invalid condition id : UX_CORESTACK_Condition cause : null
2025-09-24 15:06:19,382 [INFO] LogOutputStream:77 - [STDOUT_REDIRECT] 1 : Invalid condition id : UX_CORESTACK_Condition cause : null
2025-09-24 15:06:19,388 [WARN] PackLoader:240 - Cannot read IP mode file for STMicroelectronics.X-CUBE-AZRTOS-WL.2.0.0
2025-09-24 15:06:19,398 [WARN] PackLoader:240 - Cannot read IP mode file for STMicroelectronics.FP-SNS-MOTENV1.5.0.0
2025-09-24 15:06:19,411 [WARN] PackLoader:240 - Cannot read IP mode file for WES.I-CUBE-Cesium.1.3.0
2025-09-24 15:06:19,421 [WARN] PackLoader:240 - Cannot read IP mode file for STMicroelectronics.X-CUBE-BLE2.3.3.0
2025-09-24 15:06:19,431 [WARN] PackLoader:240 - Cannot read IP mode file for STMicroelectronics.X-CUBE-NFC9.1.0.0
2025-09-24 15:06:19,473 [WARN] PackLoader:240 - Cannot read IP mode file for wolfSSL.I-CUBE-wolfMQTT.1.19.2
2025-09-24 15:06:19,494 [WARN] PackLoader:240 - Cannot read IP mode file for STMicroelectronics.X-CUBE-EEPRMA1.5.2.0
2025-09-24 15:06:19,507 [WARN] PackLoader:240 - Cannot read IP mode file for STMicroelectronics.X-CUBE-AI.10.1.0
2025-09-24 15:06:19,588 [WARN] PackLoader:240 - Cannot read IP mode file for STMicroelectronics.X-CUBE-MEMS1.11.2.0
2025-09-24 15:06:19,756 [WARN] PackLoader:240 - Cannot read IP mode file for STMicroelectronics.X-CUBE-AZRTOS-G0.1.1.0
2025-09-24 15:06:19,768 [WARN] PackLoader:240 - Cannot read IP mode file for STMicroelectronics.X-CUBE-SAFEA1.1.2.2
2025-09-24 15:06:19,776 [WARN] PackLoader:240 - Cannot read IP mode file for STMicroelectronics.X-CUBE-NFC4.3.0.0
2025-09-24 15:06:19,795 [WARN] PackLoader:240 - Cannot read IP mode file for EmbeddedOffice.I-CUBE-FS-RTOS.1.0.1
2025-09-24 15:06:19,809 [WARN] PackLoader:240 - Cannot read IP mode file for STMicroelectronics.X-CUBE-WB05N.2.0.0
2025-09-24 15:06:19,821 [WARN] PackLoader:240 - Cannot read IP mode file for wolfSSL.I-CUBE-wolfTPM.3.8.0
2025-09-24 15:06:19,835 [WARN] PackLoader:240 - Cannot read IP mode file for STMicroelectronics.X-CUBE-TCPP.4.2.0
2025-09-24 15:06:19,848 [WARN] PackLoader:240 - Cannot read IP mode file for RealThread.X-CUBE-RT-Thread_Nano.4.1.1
2025-09-24 15:06:19,860 [WARN] PackLoader:240 - Cannot read IP mode file for STMicroelectronics.FP-ATR-SIGFOX1.3.2.0
2025-09-24 15:06:19,870 [WARN] PackLoader:240 - Cannot read IP mode file for STMicroelectronics.X-CUBE-EEPRMA1.5.1.0
2025-09-24 15:06:19,883 [WARN] PackLoader:240 - Cannot read IP mode file for wolfSSL.I-CUBE-wolfSSL.5.7.6
2025-09-24 15:06:19,896 [WARN] PackLoader:240 - Cannot read IP mode file for ITTIA_DB.I-CUBE-ITTIADB.8.9.0
2025-09-24 15:06:19,910 [WARN] PackLoader:240 - Cannot read IP mode file for STMicroelectronics.X-CUBE-ST67W61.1.0.0
2025-09-24 15:06:19,922 [WARN] PackLoader:240 - Cannot read IP mode file for STMicroelectronics.X-CUBE-AI.10.2.0
2025-09-24 15:06:19,965 [WARN] PackLoader:240 - Cannot read IP mode file for SEGGER.I-CUBE-embOS.1.3.1
2025-09-24 15:06:20,034 [WARN] PackLoader:240 - Cannot read IP mode file for STMicroelectronics.X-CUBE-ALGOBUILD.1.4.0
2025-09-24 15:06:20,092 [WARN] PackLoader:240 - Cannot read IP mode file for STMicroelectronics.X-CUBE-MEMS1.11.3.0
2025-09-24 15:06:20,252 [WARN] PackLoader:240 - Cannot read IP mode file for STMicroelectronics.X-CUBE-PM33A1.1.0.0
2025-09-24 15:06:20,280 [WARN] PackLoader:240 - Cannot read IP mode file for STMicroelectronics.X-CUBE-AZRTOS-F4.1.1.0
2025-09-24 15:06:20,293 [WARN] PackLoader:240 - Cannot read IP mode file for Avnet-IotConnect.X-CUBE-IoTC-DA16k-PMOD.1.0.0
2025-09-24 15:06:20,302 [WARN] PackLoader:240 - Cannot read IP mode file for STMicroelectronics.X-CUBE-ISPU.2.1.0
2025-09-24 15:06:20,315 [WARN] PackLoader:240 - Cannot read IP mode file for STMicroelectronics.X-CUBE-NFC12.1.0.0
2025-09-24 15:06:20,345 [WARN] PackLoader:240 - Cannot read IP mode file for STMicroelectronics.X-CUBE-AZRTOS-L5.2.0.0
2025-09-24 15:06:20,393 [WARN] PackLoader:240 - Cannot read IP mode file for STMicroelectronics.X-CUBE-NFC6.3.1.0
2025-09-24 15:06:20,411 [WARN] PackLoader:240 - Cannot read IP mode file for STMicroelectronics.X-CUBE-DPower.1.2.0
2025-09-24 15:06:20,534 [WARN] PackLoader:240 - Cannot read IP mode file for STMicroelectronics.X-CUBE-FREERTOS.1.3.1
2025-09-24 15:06:20,544 [WARN] PackLoader:240 - Cannot read IP mode file for STMicroelectronics.X-CUBE-FREERTOS.1.3.0
2025-09-24 15:06:20,553 [WARN] PackLoader:240 - Cannot read IP mode file for STMicroelectronics.X-CUBE-NFC7.1.0.1
2025-09-24 15:06:20,564 [WARN] PackLoader:240 - Cannot read IP mode file for STMicroelectronics.FP-SNS-STAIOTCFT.1.0.0
2025-09-24 15:06:20,573 [WARN] PackLoader:240 - Cannot read IP mode file for STMicroelectronics.X-CUBE-DPower.1.3.0
2025-09-24 15:06:20,605 [WARN] ConditionMgr:438 - getConditionDescription Invalid condition id : LAN8742 Phy interface Condition cause : null
2025-09-24 15:06:20,607 [WARN] PackLoader:240 - Cannot read IP mode file for STMicroelectronics.X-CUBE-AZRTOS-L4.2.0.0
2025-09-24 15:06:20,609 [WARN] ConditionMgr:1044 - genDependencies : Invalid condition id : LAN8742 Phy interface Condition cause : null
2025-09-24 15:06:20,610 [WARN] ConditionMgr:1044 - genDependencies : Invalid condition id : LAN8742 Phy interface Condition cause : null
2025-09-24 15:06:20,612 [WARN] ConditionMgr:1044 - genDependencies : Invalid condition id : LAN8742 Phy interface Condition cause : null
2025-09-24 15:06:20,629 [WARN] PackLoader:240 - Cannot read IP mode file for STMicroelectronics.X-CUBE-SFXS2LP1.4.0.0
2025-09-24 15:06:20,658 [WARN] PackLoader:240 - Cannot read IP mode file for STMicroelectronics.X-CUBE-AZRTOS-H7.3.3.0
2025-09-24 15:06:20,675 [WARN] PackLoader:240 - Cannot read IP mode file for STMicroelectronics.X-CUBE-BLEMGR.4.1.0
2025-09-24 15:06:20,692 [WARN] ConditionMgr:438 - getConditionDescription Invalid condition id : UX DEVICE CLASS RTOS Condition cause : null
2025-09-24 15:06:20,692 [WARN] ConditionMgr:438 - getConditionDescription Invalid condition id : UX DEVICE CLASS RTOS Condition cause : null
2025-09-24 15:06:20,695 [WARN] PackLoader:240 - Cannot read IP mode file for STMicroelectronics.X-CUBE-AZRTOS-WB.2.0.0
2025-09-24 15:06:20,695 [WARN] ConditionMgr:1044 - genDependencies : Invalid condition id : UX DEVICE CLASS RTOS Condition cause : null
2025-09-24 15:06:20,695 [WARN] ConditionMgr:1044 - genDependencies : Invalid condition id : UX DEVICE CLASS RTOS Condition cause : null
2025-09-24 15:06:20,696 [WARN] ConditionMgr:1044 - genDependencies : Invalid condition id : UX DEVICE CLASS RTOS Condition cause : null
2025-09-24 15:06:20,697 [WARN] ConditionMgr:1044 - genDependencies : Invalid condition id : UX DEVICE CLASS RTOS Condition cause : null
2025-09-24 15:06:20,698 [WARN] ConditionMgr:1044 - genDependencies : Invalid condition id : UX DEVICE CLASS RTOS Condition cause : null
2025-09-24 15:06:20,709 [WARN] PackLoader:240 - Cannot read IP mode file for STMicroelectronics.X-CUBE-GNSS1.7.0.1
2025-09-24 15:06:20,718 [WARN] PackLoader:240 - Cannot read IP mode file for STMicroelectronics.FP-SNS-STBOX1.2.0.0
2025-09-24 15:06:20,734 [WARN] PackLoader:240 - Cannot read IP mode file for STMicroelectronics.X-CUBE-SUBG2.5.0.0
2025-09-24 15:06:20,784 [WARN] PackLoader:240 - Cannot read IP mode file for STMicroelectronics.X-CUBE-AZRTOS-H7RS.1.1.0
2025-09-24 15:06:20,800 [WARN] PackLoader:240 - Cannot read IP mode file for Cesanta.I-CUBE-Mongoose.7.13.0
2025-09-24 15:06:20,821 [WARN] PackLoader:240 - Cannot read IP mode file for STMicroelectronics.X-CUBE-AZRTOS-G4.2.0.0
2025-09-24 15:06:20,833 [WARN] PackLoader:240 - Cannot read IP mode file for wolfSSL.I-CUBE-wolfSSH.1.4.20
2025-09-24 15:06:20,838 [WARN] PackLoader:240 - Cannot read IP mode file for STMicroelectronics.X-CUBE-NFC7.2.0.0
2025-09-24 15:06:20,852 [WARN] PackLoader:240 - Cannot read IP mode file for STMicroelectronics.X-CUBE-IPS.3.1.0
2025-09-24 15:06:20,863 [WARN] PackLoader:240 - Cannot read IP mode file for STMicroelectronics.X-CUBE-ALS.1.0.2
2025-09-24 15:06:20,872 [WARN] PackLoader:240 - Cannot read IP mode file for STMicroelectronics.X-CUBE-STSE01.1.0.0
2025-09-24 15:06:20,881 [WARN] PackLoader:240 - Cannot read IP mode file for portGmbH.I-Cube-SoM-uGOAL.1.1.0
2025-09-24 15:06:20,894 [WARN] PackLoader:240 - Cannot read IP mode file for STMicroelectronics.X-CUBE-TOF1.3.4.2
2025-09-24 15:06:20,910 [WARN] PackLoader:240 - Cannot read IP mode file for STMicroelectronics.X-CUBE-TOF1.3.4.3
2025-09-24 15:06:20,919 [INFO] ThirdParty:978 - Integrity check success = true
2025-09-24 15:06:20,921 [INFO] IntegrityCheckThread:100 - exiting critical section [integrity check]
2025-09-24 15:06:20,921 [INFO] IntegrityCheckThread:103 - End integrity checks thread
2025-09-24 15:07:11,347 [INFO] WebApp:194 - Connection lost
2025-09-24 15:07:11,603 [INFO] WebApp:191 - Connection restablished
2025-09-24 15:07:13,527 [INFO] WebApp:194 - Connection lost
2025-09-24 15:07:13,685 [INFO] WebApp:191 - Connection restablished
2025-09-24 15:09:37,358 [INFO] WebApp:194 - Connection lost
2025-09-24 15:09:37,591 [INFO] WebApp:191 - Connection restablished
2025-09-24 15:09:43,845 [INFO] WebApp:194 - Connection lost
2025-09-24 15:09:44,010 [INFO] WebApp:191 - Connection restablished
2025-09-24 15:50:35,267 [ERROR] LogOutputStream:75 - [STDERR_REDIRECT] 
2025-09-24 15:50:35,284 [ERROR] LogOutputStream:75 - [STDERR_REDIRECT] 
